Archive member included to satisfy reference by file (symbol)

C:/ST/STM32CubeIDE_1.16.0/STM32CubeIDE/plugins/com.st.stm32cube.ide.mcu.externaltools.gnu-tools-for-stm32.12.3.rel1.win32_1.0.200.202406191623/tools/bin/../lib/gcc/arm-none-eabi/12.3.1/../../../../arm-none-eabi/lib/thumb/v7e-m+fp/hard\libc_nano.a(libc_a-calloc.o)
                              ./Core/Src/main.o (calloc)
C:/ST/STM32CubeIDE_1.16.0/STM32CubeIDE/plugins/com.st.stm32cube.ide.mcu.externaltools.gnu-tools-for-stm32.12.3.rel1.win32_1.0.200.202406191623/tools/bin/../lib/gcc/arm-none-eabi/12.3.1/../../../../arm-none-eabi/lib/thumb/v7e-m+fp/hard\libc_nano.a(libc_a-callocr.o)
                              C:/ST/STM32CubeIDE_1.16.0/STM32CubeIDE/plugins/com.st.stm32cube.ide.mcu.externaltools.gnu-tools-for-stm32.12.3.rel1.win32_1.0.200.202406191623/tools/bin/../lib/gcc/arm-none-eabi/12.3.1/../../../../arm-none-eabi/lib/thumb/v7e-m+fp/hard\libc_nano.a(libc_a-calloc.o) (_calloc_r)
C:/ST/STM32CubeIDE_1.16.0/STM32CubeIDE/plugins/com.st.stm32cube.ide.mcu.externaltools.gnu-tools-for-stm32.12.3.rel1.win32_1.0.200.202406191623/tools/bin/../lib/gcc/arm-none-eabi/12.3.1/../../../../arm-none-eabi/lib/thumb/v7e-m+fp/hard\libc_nano.a(libc_a-exit.o)
                              C:/ST/STM32CubeIDE_1.16.0/STM32CubeIDE/plugins/com.st.stm32cube.ide.mcu.externaltools.gnu-tools-for-stm32.12.3.rel1.win32_1.0.200.202406191623/tools/bin/../lib/gcc/arm-none-eabi/12.3.1/../../../../arm-none-eabi/lib/thumb/v7e-m+fp/hard/crt0.o (exit)
C:/ST/STM32CubeIDE_1.16.0/STM32CubeIDE/plugins/com.st.stm32cube.ide.mcu.externaltools.gnu-tools-for-stm32.12.3.rel1.win32_1.0.200.202406191623/tools/bin/../lib/gcc/arm-none-eabi/12.3.1/../../../../arm-none-eabi/lib/thumb/v7e-m+fp/hard\libc_nano.a(libc_a-malloc.o)
                              ./Core/Src/neopixel_spi.o (free)
C:/ST/STM32CubeIDE_1.16.0/STM32CubeIDE/plugins/com.st.stm32cube.ide.mcu.externaltools.gnu-tools-for-stm32.12.3.rel1.win32_1.0.200.202406191623/tools/bin/../lib/gcc/arm-none-eabi/12.3.1/../../../../arm-none-eabi/lib/thumb/v7e-m+fp/hard\libc_nano.a(libc_a-mallocr.o)
                              C:/ST/STM32CubeIDE_1.16.0/STM32CubeIDE/plugins/com.st.stm32cube.ide.mcu.externaltools.gnu-tools-for-stm32.12.3.rel1.win32_1.0.200.202406191623/tools/bin/../lib/gcc/arm-none-eabi/12.3.1/../../../../arm-none-eabi/lib/thumb/v7e-m+fp/hard\libc_nano.a(libc_a-callocr.o) (_malloc_r)
C:/ST/STM32CubeIDE_1.16.0/STM32CubeIDE/plugins/com.st.stm32cube.ide.mcu.externaltools.gnu-tools-for-stm32.12.3.rel1.win32_1.0.200.202406191623/tools/bin/../lib/gcc/arm-none-eabi/12.3.1/../../../../arm-none-eabi/lib/thumb/v7e-m+fp/hard\libc_nano.a(libc_a-mlock.o)
                              C:/ST/STM32CubeIDE_1.16.0/STM32CubeIDE/plugins/com.st.stm32cube.ide.mcu.externaltools.gnu-tools-for-stm32.12.3.rel1.win32_1.0.200.202406191623/tools/bin/../lib/gcc/arm-none-eabi/12.3.1/../../../../arm-none-eabi/lib/thumb/v7e-m+fp/hard\libc_nano.a(libc_a-mallocr.o) (__malloc_lock)
C:/ST/STM32CubeIDE_1.16.0/STM32CubeIDE/plugins/com.st.stm32cube.ide.mcu.externaltools.gnu-tools-for-stm32.12.3.rel1.win32_1.0.200.202406191623/tools/bin/../lib/gcc/arm-none-eabi/12.3.1/../../../../arm-none-eabi/lib/thumb/v7e-m+fp/hard\libc_nano.a(libc_a-findfp.o)
                              C:/ST/STM32CubeIDE_1.16.0/STM32CubeIDE/plugins/com.st.stm32cube.ide.mcu.externaltools.gnu-tools-for-stm32.12.3.rel1.win32_1.0.200.202406191623/tools/bin/../lib/gcc/arm-none-eabi/12.3.1/../../../../arm-none-eabi/lib/thumb/v7e-m+fp/hard\libc_nano.a(libc_a-exit.o) (__stdio_exit_handler)
C:/ST/STM32CubeIDE_1.16.0/STM32CubeIDE/plugins/com.st.stm32cube.ide.mcu.externaltools.gnu-tools-for-stm32.12.3.rel1.win32_1.0.200.202406191623/tools/bin/../lib/gcc/arm-none-eabi/12.3.1/../../../../arm-none-eabi/lib/thumb/v7e-m+fp/hard\libc_nano.a(libc_a-fwalk.o)
                              C:/ST/STM32CubeIDE_1.16.0/STM32CubeIDE/plugins/com.st.stm32cube.ide.mcu.externaltools.gnu-tools-for-stm32.12.3.rel1.win32_1.0.200.202406191623/tools/bin/../lib/gcc/arm-none-eabi/12.3.1/../../../../arm-none-eabi/lib/thumb/v7e-m+fp/hard\libc_nano.a(libc_a-findfp.o) (_fwalk_sglue)
C:/ST/STM32CubeIDE_1.16.0/STM32CubeIDE/plugins/com.st.stm32cube.ide.mcu.externaltools.gnu-tools-for-stm32.12.3.rel1.win32_1.0.200.202406191623/tools/bin/../lib/gcc/arm-none-eabi/12.3.1/../../../../arm-none-eabi/lib/thumb/v7e-m+fp/hard\libc_nano.a(libc_a-stdio.o)
                              C:/ST/STM32CubeIDE_1.16.0/STM32CubeIDE/plugins/com.st.stm32cube.ide.mcu.externaltools.gnu-tools-for-stm32.12.3.rel1.win32_1.0.200.202406191623/tools/bin/../lib/gcc/arm-none-eabi/12.3.1/../../../../arm-none-eabi/lib/thumb/v7e-m+fp/hard\libc_nano.a(libc_a-findfp.o) (__sread)
C:/ST/STM32CubeIDE_1.16.0/STM32CubeIDE/plugins/com.st.stm32cube.ide.mcu.externaltools.gnu-tools-for-stm32.12.3.rel1.win32_1.0.200.202406191623/tools/bin/../lib/gcc/arm-none-eabi/12.3.1/../../../../arm-none-eabi/lib/thumb/v7e-m+fp/hard\libc_nano.a(libc_a-memset.o)
[...]
Memory Configuration

Name             Origin             Length             Attributes
CCMRAM           0x10000000         0x00001000         xrw
RAM              0x20000000         0x00003000         xrw
FLASH            0x08000000         0x00008000         xr
*default*        0x00000000         0xffffffff

Linker script and memory map

LOAD C:/ST/STM32CubeIDE_1.16.0/STM32CubeIDE/plugins/com.st.stm32cube.ide.mcu.externaltools.gnu-tools-for-stm32.12.3.rel1.win32_1.0.200.202406191623/tools/bin/../lib/gcc/arm-none-eabi/12.3.1/thumb/v7e-m+fp/hard/crti.o
LOAD C:/ST/STM32CubeIDE_1.16.0/STM32CubeIDE/plugins/com.st.stm32cube.ide.mcu.externaltools.gnu-tools-for-stm32.12.3.rel1.win32_1.0.200.202406191623/tools/bin/../lib/gcc/arm-none-eabi/12.3.1/thumb/v7e-m+fp/hard/crtbegin.o
LOAD C:/ST/STM32CubeIDE_1.16.0/STM32CubeIDE/plugins/com.st.stm32cube.ide.mcu.externaltools.gnu-tools-for-stm32.12.3.rel1.win32_1.0.200.202406191623/tools/bin/../lib/gcc/arm-none-eabi/12.3.1/../../../../arm-none-eabi/lib/thumb/v7e-m+fp/hard/crt0.o
LOAD ./Core/Src/VEML6030.o
LOAD ./Core/Src/active_marker.o
LOAD ./Core/Src/main.o
LOAD ./Core/Src/neopixel_spi.o
LOAD ./Core/Src/stm32f3xx_hal_msp.o
LOAD ./Core/Src/stm32f3xx_it.o
LOAD ./Core/Src/syscalls.o
LOAD ./Core/Src/sysmem.o
LOAD ./Core/Src/system_stm32f3xx.o
LOAD ./Core/Src/user_func.o
LOAD ./Core/Startup/startup_stm32f303k6tx.o
LOAD ./Drivers/STM32F3xx_HAL_Driver/Src/stm32f3xx_hal.o
LOAD ./Drivers/STM32F3xx_HAL_Driver/Src/stm32f3xx_hal_cortex.o
LOAD ./Drivers/STM32F3xx_HAL_Driver/Src/stm32f3xx_hal_dma.o
LOAD ./Drivers/STM32F3xx_HAL_Driver/Src/stm32f3xx_hal_exti.o
LOAD ./Drivers/STM32F3xx_HAL_Driver/Src/stm32f3xx_hal_flash.o
LOAD ./Drivers/STM32F3xx_HAL_Driver/Src/stm32f3xx_hal_flash_ex.o
LOAD ./Drivers/STM32F3xx_HAL_Driver/Src/stm32f3xx_hal_gpio.o
LOAD ./Drivers/STM32F3xx_HAL_Driver/Src/stm32f3xx_hal_i2c.o
LOAD ./Drivers/STM32F3xx_HAL_Driver/Src/stm32f3xx_hal_i2c_ex.o
LOAD ./Drivers/STM32F3xx_HAL_Driver/Src/stm32f3xx_hal_iwdg.o
LOAD ./Drivers/STM32F3xx_HAL_Driver/Src/stm32f3xx_hal_pwr.o
LOAD ./Drivers/STM32F3xx_HAL_Driver/Src/stm32f3xx_hal_pwr_ex.o
LOAD ./Drivers/STM32F3xx_HAL_Driver/Src/stm32f3xx_hal_rcc.o
LOAD ./Drivers/STM32F3xx_HAL_Driver/Src/stm32f3xx_hal_rcc_ex.o
LOAD ./Drivers/STM32F3xx_HAL_Driver/Src/stm32f3xx_hal_spi.o
LOAD ./Drivers/STM32F3xx_HAL_Driver/Src/stm32f3xx_hal_spi_ex.o
LOAD ./Drivers/STM32F3xx_HAL_Driver/Src/stm32f3xx_hal_tim.o
LOAD ./Drivers/STM32F3xx_HAL_Driver/Src/stm32f3xx_hal_tim_ex.o
LOAD ./Drivers/STM32F3xx_HAL_Driver/Src/stm32f3xx_hal_uart.o
LOAD ./Drivers/STM32F3xx_HAL_Driver/Src/stm32f3xx_hal_uart_ex.o
START GROUP
LOAD C:/ST/STM32CubeIDE_1.16.0/STM32CubeIDE/plugins/com.st.stm32cube.ide.mcu.externaltools.gnu-tools-for-stm32.12.3.rel1.win32_1.0.200.202406191623/tools/bin/../lib/gcc/arm-none-eabi/12.3.1/../../../../arm-none-eabi/lib/thumb/v7e-m+fp/hard\libc_nano.a
LOAD C:/ST/STM32CubeIDE_1.16.0/STM32CubeIDE/plugins/com.st.stm32cube.ide.mcu.externaltools.gnu-tools-for-stm32.12.3.rel1.win32_1.0.200.202406191623/tools/bin/../lib/gcc/arm-none-eabi/12.3.1/../../../../arm-none-eabi/lib/thumb/v7e-m+fp/hard\libm.a
END GROUP
START GROUP
LOAD C:/ST/STM32CubeIDE_1.16.0/STM32CubeIDE/plugins/com.st.stm32cube.ide.mcu.externaltools.gnu-tools-for-stm32.12.3.rel1.win32_1.0.200.202406191623/tools/bin/../lib/gcc/arm-none-eabi/12.3.1/thumb/v7e-m+fp/hard\libgcc.a
LOAD C:/ST/STM32CubeIDE_1.16.0/STM32CubeIDE/plugins/com.st.stm32cube.ide.mcu.externaltools.gnu-tools-for-stm32.12.3.rel1.win32_1.0.200.202406191623/tools/bin/../lib/gcc/arm-none-eabi/12.3.1/../../../../arm-none-eabi/lib/thumb/v7e-m+fp/hard\libc_nano.a
END GROUP
START GROUP
LOAD C:/ST/STM32CubeIDE_1.16.0/STM32CubeIDE/plugins/com.st.stm32cube.ide.mcu.externaltools.gnu-tools-for-stm32.12.3.rel1.win32_1.0.200.202406191623/tools/bin/../lib/gcc/arm-none-eabi/12.3.1/thumb/v7e-m+fp/hard\libgcc.a
LOAD C:/ST/STM32CubeIDE_1.16.0/STM32CubeIDE/plugins/com.st.stm32cube.ide.mcu.externaltools.gnu-tools-for-stm32.12.3.rel1.win32_1.0.200.202406191623/tools/bin/../lib/gcc/arm-none-eabi/12.3.1/../../../../arm-none-eabi/lib/thumb/v7e-m+fp/hard\libc_nano.a
LOAD C:/ST/STM32CubeIDE_1.16.0/STM32CubeIDE/plugins/com.st.stm32cube.ide.mcu.externaltools.gnu-tools-for-stm32.12.3.rel1.win32_1.0.200.202406191623/tools/bin/../lib/gcc/arm-none-eabi/12.3.1/../../../../arm-none-eabi/lib/thumb/v7e-m+fp/hard\libnosys.a
END GROUP
START GROUP
LOAD C:/ST/STM32CubeIDE_1.16.0/STM32CubeIDE/plugins/com.st.stm32cube.ide.mcu.externaltools.gnu-tools-for-stm32.12.3.rel1.win32_1.0.200.202406191623/tools/bin/../lib/gcc/arm-none-eabi/12.3.1/thumb/v7e-m+fp/hard\libgcc.a
LOAD C:/ST/STM32CubeIDE_1.16.0/STM32CubeIDE/plugins/com.st.stm32cube.ide.mcu.externaltools.gnu-tools-for-stm32.12.3.rel1.win32_1.0.200.202406191623/tools/bin/../lib/gcc/arm-none-eabi/12.3.1/../../../../arm-none-eabi/lib/thumb/v7e-m+fp/hard\libc_nano.a
LOAD C:/ST/STM32CubeIDE_1.16.0/STM32CubeIDE/plugins/com.st.stm32cube.ide.mcu.externaltools.gnu-tools-for-stm32.12.3.rel1.win32_1.0.200.202406191623/tools/bin/../lib/gcc/arm-none-eabi/12.3.1/../../../../arm-none-eabi/lib/thumb/v7e-m+fp/hard\libnosys.a
END GROUP
LOAD C:/ST/STM32CubeIDE_1.16.0/STM32CubeIDE/plugins/com.st.stm32cube.ide.mcu.externaltools.gnu-tools-for-stm32.12.3.rel1.win32_1.0.200.202406191623/tools/bin/../lib/gcc/arm-none-eabi/12.3.1/thumb/v7e-m+fp/hard/crtend.o
LOAD C:/ST/STM32CubeIDE_1.16.0/STM32CubeIDE/plugins/com.st.stm32cube.ide.mcu.externaltools.gnu-tools-for-stm32.12.3.rel1.win32_1.0.200.202406191623/tools/bin/../lib/gcc/arm-none-eabi/12.3.1/thumb/v7e-m+fp/hard/crtn.o
                0x20003000                        _estack = (ORIGIN (RAM) + LENGTH (RAM))
                0x00000200                        _Min_Heap_Size = 0x200
                0x00000400                        _Min_Stack_Size = 0x400

.isr_vector     0x08000000      0x188
                0x08000000                        . = ALIGN (0x4)
 *(.isr_vector)
 .isr_vector    0x08000000      0x188 ./Core/Startup/startup_stm32f303k6tx.o
                0x08000000                g_pfnVectors
                0x08000188                        . = ALIGN (0x4)

.text           0x08000188     0x790c
                0x08000188                        . = ALIGN (0x4)
 *(.text)
 .text          0x08000188       0x40 C:/ST/STM32CubeIDE_1.16.0/STM32CubeIDE/plugins/com.st.stm32cube.ide.mcu.externaltools.gnu-tools-for-stm32.12.3.rel1.win32_1.0.200.202406191623/tools/bin/../lib/gcc/arm-none-eabi/12.3.1/thumb/v7e-m+fp/hard/crtbegin.o
 .text          0x080001c8      0x378 C:/ST/STM32CubeIDE_1.16.0/STM32CubeIDE/plugins/com.st.stm32cube.ide.mcu.externaltools.gnu-tools-for-stm32.12.3.rel1.win32_1.0.200.202406191623/tools/bin/../lib/gcc/arm-none-eabi/12.3.1/thumb/v7e-m+fp/hard\libgcc.a(_arm_addsubdf3.o)
                0x080001c8                __aeabi_drsub
                0x080001d0                __aeabi_dsub
                0x080001d0                __subdf3
                0x080001d4                __aeabi_dadd
                0x080001d4                __adddf3
                0x0800044c                __floatunsidf
                0x0800044c                __aeabi_ui2d
                0x0800046c                __floatsidf
                0x0800046c                __aeabi_i2d
                0x08000490                __aeabi_f2d
                0x08000490                __extendsfdf2
                0x080004d4                __floatundidf
                0x080004d4                __aeabi_ul2d
                0x080004e4                __floatdidf
                0x080004e4                __aeabi_l2d
 .text          0x08000540      0x424 C:/ST/STM32CubeIDE_1.16.0/STM32CubeIDE/plugins/com.st.stm32cube.ide.mcu.externaltools.gnu-tools-for-stm32.12.3.rel1.win32_1.0.200.202406191623/tools/bin/../lib/gcc/arm-none-eabi/12.3.1/thumb/v7e-m+fp/hard\libgcc.a(_arm_muldivdf3.o)
                0x08000540                __aeabi_dmul
                0x08000540                __muldf3
                0x08000794                __divdf3
                0x08000794                __aeabi_ddiv
 .text          0x08000964      0x110 C:/ST/STM32CubeIDE_1.16.0/STM32CubeIDE/plugins/com.st.stm32cube.ide.mcu.externaltools.gnu-tools-for-stm32.12.3.rel1.win32_1.0.200.202406191623/tools/bin/../lib/gcc/arm-none-eabi/12.3.1/thumb/v7e-m+fp/hard\libgcc.a(_arm_cmpdf2.o)
                0x08000964                __gtdf2
                0x08000964                __gedf2
                0x0800096c                __ltdf2
                0x0800096c                __ledf2
                0x08000974                __nedf2
                0x08000974                __eqdf2
                0x08000974                __cmpdf2
                0x080009f0                __aeabi_cdrcmple
                0x08000a00                __aeabi_cdcmpeq
                0x08000a00                __aeabi_cdcmple
                0x08000a10                __aeabi_dcmpeq
                0x08000a24                __aeabi_dcmplt
                0x08000a38                __aeabi_dcmple
                0x08000a4c                __aeabi_dcmpge
                0x08000a60                __aeabi_dcmpgt
 .text          0x08000a74       0x2c C:/ST/STM32CubeIDE_1.16.0/STM32CubeIDE/plugins/com.st.stm32cube.ide.mcu.externaltools.gnu-tools-for-stm32.12.3.rel1.win32_1.0.200.202406191623/tools/bin/../lib/gcc/arm-none-eabi/12.3.1/thumb/v7e-m+fp/hard\libgcc.a(_arm_unorddf2.o)
                0x08000a74                __unorddf2
                0x08000a74                __aeabi_dcmpun
 .text          0x08000aa0       0x40 C:/ST/STM32CubeIDE_1.16.0/STM32CubeIDE/plugins/com.st.stm32cube.ide.mcu.externaltools.gnu-tools-for-stm32.12.3.rel1.win32_1.0.200.202406191623/tools/bin/../lib/gcc/arm-none-eabi/12.3.1/thumb/v7e-m+fp/hard\libgcc.a(_arm_fixunsdfsi.o)
                0x08000aa0                __aeabi_d2uiz
                0x08000aa0                __fixunsdfsi
 .text          0x08000ae0       0xa0 C:/ST/STM32CubeIDE_1.16.0/STM32CubeIDE/plugins/com.st.stm32cube.ide.mcu.externaltools.gnu-tools-for-stm32.12.3.rel1.win32_1.0.200.202406191623/tools/bin/../lib/gcc/arm-none-eabi/12.3.1/thumb/v7e-m+fp/hard\libgcc.a(_arm_truncdfsf2.o)
                0x08000ae0                __truncdfsf2
                0x08000ae0                __aeabi_d2f
 *(.text*)
 .text.VEML6030_init
                0x08000b80       0x3c ./Core/Src/VEML6030.o
                0x08000b80                VEML6030_init
 *fill*         0x08000bbc        0x4 
 .text.VEML6030_getLux
                0x08000bc0       0xbc ./Core/Src/VEML6030.o
                0x08000bc0                VEML6030_getLux
 *fill*         0x08000c7c        0x4 
 .text.VEML6030_getGain
                0x08000c80       0x80 ./Core/Src/VEML6030.o
                0x08000c80                VEML6030_getGain
 .text.VEML6030_getIntTime
                0x08000d00       0xc4 ./Core/Src/VEML6030.o
                0x08000d00                VEML6030_getIntTime
 .text.VEML6030_getALS
                0x08000dc4       0x22 ./Core/Src/VEML6030.o
                0x08000dc4                VEML6030_getALS
 *fill*         0x08000de6        0x2 
 .text.VEML6030_readWord
                0x08000de8       0x50 ./Core/Src/VEML6030.o
                0x08000de8                VEML6030_readWord
 .text.VEML6030_readBit
                0x08000e38       0x2c ./Core/Src/VEML6030.o
                0x08000e38                VEML6030_readBit
 .text.HAL_GPIO_EXTI_Callback
                0x08000e64      0x104 ./Core/Src/active_marker.o
                0x08000e64                HAL_GPIO_EXTI_Callback
 .text.getMode  0x08000f68       0x14 ./Core/Src/active_marker.o
                0x08000f68                getMode
 .text.getID    0x08000f7c       0x18 ./Core/Src/active_marker.o
                0x08000f7c                getID
 .text.getColor
                0x08000f94       0x18 ./Core/Src/active_marker.o
                0x08000f94                getColor
 .text.setIDSwitch
                0x08000fac       0xb4 ./Core/Src/active_marker.o
                0x08000fac                setIDSwitch
 .text.setColorSwitch
                0x08001060       0x28 ./Core/Src/active_marker.o
                0x08001060                setColorSwitch
 .text.setPattern
                0x08001088       0xbc ./Core/Src/active_marker.o
                0x08001088                setPattern
 .text.setColorConfig
                0x08001144       0x48 ./Core/Src/active_marker.o
                0x08001144                setColorConfig
 .text.Uart_Init
                0x0800118c       0x30 ./Core/Src/active_marker.o
                0x0800118c                Uart_Init
 .text.Uart_checkReset
                0x080011bc       0x38 ./Core/Src/active_marker.o
                0x080011bc                Uart_checkReset
 .text.HAL_UART_RxCpltCallback
                0x080011f4      0x134 ./Core/Src/active_marker.o
                0x080011f4                HAL_UART_RxCpltCallback
 .text.main     0x08001328      0x1c8 ./Core/Src/main.o
                0x08001328                main
 .text.SystemClock_Config
                0x080014f0       0xc4 ./Core/Src/main.o
                0x080014f0                SystemClock_Config
 .text.MX_I2C1_Init
                0x080015b4       0x80 ./Core/Src/main.o
 .text.MX_IWDG_Init
                0x08001634       0x3c ./Core/Src/main.o
 .text.MX_SPI1_Init
                0x08001670       0x7c ./Core/Src/main.o
 .text.MX_USART1_UART_Init
                0x080016ec       0x64 ./Core/Src/main.o
 .text.MX_DMA_Init
                0x08001750       0x3c ./Core/Src/main.o
 .text.MX_GPIO_Init
                0x0800178c      0x174 ./Core/Src/main.o
 .text.Error_Handler
                0x08001900        0xc ./Core/Src/main.o
                0x08001900                Error_Handler
 .text.NeoPixel_Init
                0x0800190c       0x20 ./Core/Src/neopixel_spi.o
                0x0800190c                NeoPixel_Init
 .text.NeoPixel_Send
                0x0800192c       0x4c ./Core/Src/neopixel_spi.o
                0x0800192c                NeoPixel_Send
 .text.NeoPixel_Reset
                0x08001978       0x38 ./Core/Src/neopixel_spi.o
                0x08001978                NeoPixel_Reset
 .text.NeoPixel_Serialize
                0x080019b0      0x148 ./Core/Src/neopixel_spi.o
                0x080019b0                NeoPixel_Serialize
 .text.HAL_MspInit
                0x08001af8       0x48 ./Core/Src/stm32f3xx_hal_msp.o
                0x08001af8                HAL_MspInit
 .text.HAL_I2C_MspInit
                0x08001b40       0x88 ./Core/Src/stm32f3xx_hal_msp.o
                0x08001b40                HAL_I2C_MspInit
 .text.HAL_SPI_MspInit
                0x08001bc8       0xd8 ./Core/Src/stm32f3xx_hal_msp.o
                0x08001bc8                HAL_SPI_MspInit
 .text.HAL_UART_MspInit
                0x08001ca0       0x98 ./Core/Src/stm32f3xx_hal_msp.o
                0x08001ca0                HAL_UART_MspInit
 .text.NMI_Handler
                0x08001d38        0x8 ./Core/Src/stm32f3xx_it.o
                0x08001d38                NMI_Handler
 .text.HardFault_Handler
                0x08001d40        0x8 ./Core/Src/stm32f3xx_it.o
                0x08001d40                HardFault_Handler
 .text.MemManage_Handler
                0x08001d48        0x8 ./Core/Src/stm32f3xx_it.o
                0x08001d48                MemManage_Handler
 .text.BusFault_Handler
                0x08001d50        0x8 ./Core/Src/stm32f3xx_it.o
                0x08001d50                BusFault_Handler
 .text.UsageFault_Handler
                0x08001d58        0x8 ./Core/Src/stm32f3xx_it.o
                0x08001d58                UsageFault_Handler
 .text.SVC_Handler
                0x08001d60        0xe ./Core/Src/stm32f3xx_it.o
                0x08001d60                SVC_Handler
 .text.DebugMon_Handler
                0x08001d6e        0xe ./Core/Src/stm32f3xx_it.o
                0x08001d6e                DebugMon_Handler
 .text.PendSV_Handler
                0x08001d7c        0xe ./Core/Src/stm32f3xx_it.o
                0x08001d7c                PendSV_Handler
 .text.SysTick_Handler
                0x08001d8a        0xc ./Core/Src/stm32f3xx_it.o
                0x08001d8a                SysTick_Handler
 .text.EXTI2_TSC_IRQHandler
                0x08001d96        0xe ./Core/Src/stm32f3xx_it.o
                0x08001d96                EXTI2_TSC_IRQHandler
 .text.EXTI3_IRQHandler
                0x08001da4        0xe ./Core/Src/stm32f3xx_it.o
                0x08001da4                EXTI3_IRQHandler
 .text.EXTI4_IRQHandler
                0x08001db2        0xe ./Core/Src/stm32f3xx_it.o
                0x08001db2                EXTI4_IRQHandler
 .text.DMA1_Channel3_IRQHandler
                0x08001dc0       0x14 ./Core/Src/stm32f3xx_it.o
                0x08001dc0                DMA1_Channel3_IRQHandler
 .text.EXTI9_5_IRQHandler
                0x08001dd4       0x14 ./Core/Src/stm32f3xx_it.o
                0x08001dd4                EXTI9_5_IRQHandler
 .text.USART1_IRQHandler
                0x08001de8       0x14 ./Core/Src/stm32f3xx_it.o
                0x08001de8                USART1_IRQHandler
 .text._sbrk    0x08001dfc       0x6c ./Core/Src/sysmem.o
                0x08001dfc                _sbrk
 .text.SystemInit
                0x08001e68       0x24 ./Core/Src/system_stm32f3xx.o
                0x08001e68                SystemInit
 .text.CycleController
                0x08001e8c       0x80 ./Core/Src/user_func.o
                0x08001e8c                CycleController
 .text.Reset_Handler
                0x08001f0c       0x50 ./Core/Startup/startup_stm32f303k6tx.o
                0x08001f0c                Reset_Handler
 .text.Default_Handler
                0x08001f5c        0x2 ./Core/Startup/startup_stm32f303k6tx.o
                0x08001f5c                RTC_Alarm_IRQHandler
                0x08001f5c                TIM1_CC_IRQHandler
                0x08001f5c                PVD_IRQHandler
                0x08001f5c                TAMP_STAMP_IRQHandler
                0x08001f5c                EXTI0_IRQHandler
                0x08001f5c                FPU_IRQHandler
                0x08001f5c                CAN_TX_IRQHandler
                0x08001f5c                TIM1_UP_TIM16_IRQHandler
                0x08001f5c                ADC1_2_IRQHandler
                0x08001f5c                SPI1_IRQHandler
                0x08001f5c                CAN_SCE_IRQHandler
                0x08001f5c                DMA1_Channel4_IRQHandler
                0x08001f5c                USART3_IRQHandler
                0x08001f5c                DMA1_Channel7_IRQHandler
                0x08001f5c                TIM7_DAC2_IRQHandler
                0x08001f5c                CAN_RX1_IRQHandler
                0x08001f5c                I2C1_EV_IRQHandler
                0x08001f5c                DMA1_Channel6_IRQHandler
                0x08001f5c                TIM3_IRQHandler
                0x08001f5c                RCC_IRQHandler
                0x08001f5c                DMA1_Channel1_IRQHandler
                0x08001f5c                Default_Handler
                0x08001f5c                EXTI15_10_IRQHandler
                0x08001f5c                COMP2_IRQHandler
                0x08001f5c                TIM6_DAC1_IRQHandler
                0x08001f5c                RTC_WKUP_IRQHandler
                0x08001f5c                DMA1_Channel5_IRQHandler
                0x08001f5c                TIM1_TRG_COM_TIM17_IRQHandler
                0x08001f5c                WWDG_IRQHandler
                0x08001f5c                TIM2_IRQHandler
                0x08001f5c                EXTI1_IRQHandler
                0x08001f5c                COMP4_6_IRQHandler
                0x08001f5c                USART2_IRQHandler
                0x08001f5c                DMA1_Channel2_IRQHandler
                0x08001f5c                FLASH_IRQHandler
                0x08001f5c                CAN_RX0_IRQHandler
                0x08001f5c                I2C1_ER_IRQHandler
                0x08001f5c                TIM1_BRK_TIM15_IRQHandler
 *fill*         0x08001f5e        0x2 
 .text.HAL_Init
                0x08001f60       0x2c ./Drivers/STM32F3xx_HAL_Driver/Src/stm32f3xx_hal.o
                0x08001f60                HAL_Init
 .text.HAL_InitTick
                0x08001f8c       0x60 ./Drivers/STM32F3xx_HAL_Driver/Src/stm32f3xx_hal.o
                0x08001f8c                HAL_InitTick
 .text.HAL_IncTick
                0x08001fec       0x28 ./Drivers/STM32F3xx_HAL_Driver/Src/stm32f3xx_hal.o
                0x08001fec                HAL_IncTick
 .text.HAL_GetTick
                0x08002014       0x18 ./Drivers/STM32F3xx_HAL_Driver/Src/stm32f3xx_hal.o
                0x08002014                HAL_GetTick
 .text.HAL_Delay
                0x0800202c       0x48 ./Drivers/STM32F3xx_HAL_Driver/Src/stm32f3xx_hal.o
                0x0800202c                HAL_Delay
 .text.__NVIC_SetPriorityGrouping
                0x08002074       0x48 ./Drivers/STM32F3xx_HAL_Driver/Src/stm32f3xx_hal_cortex.o
 .text.__NVIC_GetPriorityGrouping
                0x080020bc       0x1c ./Drivers/STM32F3xx_HAL_Driver/Src/stm32f3xx_hal_cortex.o
 .text.__NVIC_EnableIRQ
                0x080020d8       0x3c ./Drivers/STM32F3xx_HAL_Driver/Src/stm32f3xx_hal_cortex.o
 .text.__NVIC_SetPriority
                0x08002114       0x54 ./Drivers/STM32F3xx_HAL_Driver/Src/stm32f3xx_hal_cortex.o
 .text.NVIC_EncodePriority
                0x08002168       0x66 ./Drivers/STM32F3xx_HAL_Driver/Src/stm32f3xx_hal_cortex.o
 *fill*         0x080021ce        0x2 
 .text.__NVIC_SystemReset
                0x080021d0       0x2c ./Drivers/STM32F3xx_HAL_Driver/Src/stm32f3xx_hal_cortex.o
 .text.SysTick_Config
                0x080021fc       0x44 ./Drivers/STM32F3xx_HAL_Driver/Src/stm32f3xx_hal_cortex.o
 .text.HAL_NVIC_SetPriorityGrouping
                0x08002240       0x16 ./Drivers/STM32F3xx_HAL_Driver/Src/stm32f3xx_hal_cortex.o
                0x08002240                HAL_NVIC_SetPriorityGrouping
 .text.HAL_NVIC_SetPriority
                0x08002256       0x38 ./Drivers/STM32F3xx_HAL_Driver/Src/stm32f3xx_hal_cortex.o
                0x08002256                HAL_NVIC_SetPriority
 .text.HAL_NVIC_EnableIRQ
                0x0800228e       0x1c ./Drivers/STM32F3xx_HAL_Driver/Src/stm32f3xx_hal_cortex.o
                0x0800228e                HAL_NVIC_EnableIRQ
 .text.HAL_NVIC_SystemReset
                0x080022aa        0x8 ./Drivers/STM32F3xx_HAL_Driver/Src/stm32f3xx_hal_cortex.o
                0x080022aa                HAL_NVIC_SystemReset
 .text.HAL_SYSTICK_Config
                0x080022b2       0x18 ./Drivers/STM32F3xx_HAL_Driver/Src/stm32f3xx_hal_cortex.o
                0x080022b2                HAL_SYSTICK_Config
 .text.HAL_DMA_Init
                0x080022ca       0x8e ./Drivers/STM32F3xx_HAL_Driver/Src/stm32f3xx_hal_dma.o
                0x080022ca                HAL_DMA_Init
 .text.HAL_DMA_Start_IT
                0x08002358       0xbe ./Drivers/STM32F3xx_HAL_Driver/Src/stm32f3xx_hal_dma.o
                0x08002358                HAL_DMA_Start_IT
 .text.HAL_DMA_Abort
                0x08002416       0x72 ./Drivers/STM32F3xx_HAL_Driver/Src/stm32f3xx_hal_dma.o
                0x08002416                HAL_DMA_Abort
 .text.HAL_DMA_Abort_IT
                0x08002488       0x7c ./Drivers/STM32F3xx_HAL_Driver/Src/stm32f3xx_hal_dma.o
                0x08002488                HAL_DMA_Abort_IT
 .text.HAL_DMA_IRQHandler
                0x08002504      0x146 ./Drivers/STM32F3xx_HAL_Driver/Src/stm32f3xx_hal_dma.o
                0x08002504                HAL_DMA_IRQHandler
 .text.DMA_SetConfig
                0x0800264a       0x5c ./Drivers/STM32F3xx_HAL_Driver/Src/stm32f3xx_hal_dma.o
 *fill*         0x080026a6        0x2 
 .text.DMA_CalcBaseAndBitshift
                0x080026a8       0x40 ./Drivers/STM32F3xx_HAL_Driver/Src/stm32f3xx_hal_dma.o
 .text.HAL_GPIO_Init
                0x080026e8      0x2e4 ./Drivers/STM32F3xx_HAL_Driver/Src/stm32f3xx_hal_gpio.o
                0x080026e8                HAL_GPIO_Init
 .text.HAL_GPIO_ReadPin
                0x080029cc       0x30 ./Drivers/STM32F3xx_HAL_Driver/Src/stm32f3xx_hal_gpio.o
                0x080029cc                HAL_GPIO_ReadPin
 .text.HAL_GPIO_WritePin
                0x080029fc       0x30 ./Drivers/STM32F3xx_HAL_Driver/Src/stm32f3xx_hal_gpio.o
                0x080029fc                HAL_GPIO_WritePin
 .text.HAL_GPIO_EXTI_IRQHandler
                0x08002a2c       0x30 ./Drivers/STM32F3xx_HAL_Driver/Src/stm32f3xx_hal_gpio.o
                0x08002a2c                HAL_GPIO_EXTI_IRQHandler
 .text.HAL_I2C_Init
                0x08002a5c      0x11e ./Drivers/STM32F3xx_HAL_Driver/Src/stm32f3xx_hal_i2c.o
                0x08002a5c                HAL_I2C_Init
 *fill*         0x08002b7a        0x2 
 .text.HAL_I2C_Master_Transmit
                0x08002b7c      0x1e8 ./Drivers/STM32F3xx_HAL_Driver/Src/stm32f3xx_hal_i2c.o
                0x08002b7c                HAL_I2C_Master_Transmit
 .text.HAL_I2C_Mem_Read
                0x08002d64      0x234 ./Drivers/STM32F3xx_HAL_Driver/Src/stm32f3xx_hal_i2c.o
                0x08002d64                HAL_I2C_Mem_Read
 .text.I2C_RequestMemoryRead
                0x08002f98       0xa8 ./Drivers/STM32F3xx_HAL_Driver/Src/stm32f3xx_hal_i2c.o
 .text.I2C_Flush_TXDR
                0x08003040       0x48 ./Drivers/STM32F3xx_HAL_Driver/Src/stm32f3xx_hal_i2c.o
 .text.I2C_WaitOnFlagUntilTimeout
                0x08003088       0x9e ./Drivers/STM32F3xx_HAL_Driver/Src/stm32f3xx_hal_i2c.o
 .text.I2C_WaitOnTXISFlagUntilTimeout
                0x08003126       0x8e ./Drivers/STM32F3xx_HAL_Driver/Src/stm32f3xx_hal_i2c.o
 .text.I2C_WaitOnSTOPFlagUntilTimeout
                0x080031b4       0x86 ./Drivers/STM32F3xx_HAL_Driver/Src/stm32f3xx_hal_i2c.o
 *fill*         0x0800323a        0x2 
 .text.I2C_IsErrorOccurred
                0x0800323c      0x1c0 ./Drivers/STM32F3xx_HAL_Driver/Src/stm32f3xx_hal_i2c.o
 .text.I2C_TransferConfig
                0x080033fc       0x64 ./Drivers/STM32F3xx_HAL_Driver/Src/stm32f3xx_hal_i2c.o
 .text.HAL_I2CEx_ConfigAnalogFilter
                0x08003460       0x96 ./Drivers/STM32F3xx_HAL_Driver/Src/stm32f3xx_hal_i2c_ex.o
                0x08003460                HAL_I2CEx_ConfigAnalogFilter
 .text.HAL_I2CEx_ConfigDigitalFilter
                0x080034f6       0x98 ./Drivers/STM32F3xx_HAL_Driver/Src/stm32f3xx_hal_i2c_ex.o
                0x080034f6                HAL_I2CEx_ConfigDigitalFilter
 .text.HAL_IWDG_Init
                0x0800358e       0x9e ./Drivers/STM32F3xx_HAL_Driver/Src/stm32f3xx_hal_iwdg.o
                0x0800358e                HAL_IWDG_Init
 .text.HAL_IWDG_Refresh
                0x0800362c       0x20 ./Drivers/STM32F3xx_HAL_Driver/Src/stm32f3xx_hal_iwdg.o
                0x0800362c                HAL_IWDG_Refresh
 .text.HAL_RCC_OscConfig
                0x0800364c     0x107c ./Drivers/STM32F3xx_HAL_Driver/Src/stm32f3xx_hal_rcc.o
                0x0800364c                HAL_RCC_OscConfig
 .text.HAL_RCC_ClockConfig
                0x080046c8      0x2f8 ./Drivers/STM32F3xx_HAL_Driver/Src/stm32f3xx_hal_rcc.o
                0x080046c8                HAL_RCC_ClockConfig
 .text.HAL_RCC_GetSysClockFreq
                0x080049c0       0xd8 ./Drivers/STM32F3xx_HAL_Driver/Src/stm32f3xx_hal_rcc.o
                0x080049c0                HAL_RCC_GetSysClockFreq
 .text.HAL_RCC_GetHCLKFreq
                0x08004a98       0x18 ./Drivers/STM32F3xx_HAL_Driver/Src/stm32f3xx_hal_rcc.o
                0x08004a98                HAL_RCC_GetHCLKFreq
 .text.HAL_RCC_GetPCLK1Freq
                0x08004ab0       0x44 ./Drivers/STM32F3xx_HAL_Driver/Src/stm32f3xx_hal_rcc.o
                0x08004ab0                HAL_RCC_GetPCLK1Freq
 .text.HAL_RCC_GetPCLK2Freq
                0x08004af4       0x44 ./Drivers/STM32F3xx_HAL_Driver/Src/stm32f3xx_hal_rcc.o
                0x08004af4                HAL_RCC_GetPCLK2Freq
 .text.HAL_RCCEx_PeriphCLKConfig
                0x08004b38      0x24c ./Drivers/STM32F3xx_HAL_Driver/Src/stm32f3xx_hal_rcc_ex.o
                0x08004b38                HAL_RCCEx_PeriphCLKConfig
 .text.HAL_SPI_Init
                0x08004d84      0x146 ./Drivers/STM32F3xx_HAL_Driver/Src/stm32f3xx_hal_spi.o
                0x08004d84                HAL_SPI_Init
 *fill*         0x08004eca        0x2 
 .text.HAL_SPI_Transmit_DMA
                0x08004ecc      0x1e0 ./Drivers/STM32F3xx_HAL_Driver/Src/stm32f3xx_hal_spi.o
                0x08004ecc                HAL_SPI_Transmit_DMA
 .text.HAL_SPI_TxCpltCallback
                0x080050ac       0x14 ./Drivers/STM32F3xx_HAL_Driver/Src/stm32f3xx_hal_spi.o
                0x080050ac                HAL_SPI_TxCpltCallback
 .text.HAL_SPI_TxHalfCpltCallback
                0x080050c0       0x14 ./Drivers/STM32F3xx_HAL_Driver/Src/stm32f3xx_hal_spi.o
                0x080050c0                HAL_SPI_TxHalfCpltCallback
 .text.HAL_SPI_ErrorCallback
                0x080050d4       0x14 ./Drivers/STM32F3xx_HAL_Driver/Src/stm32f3xx_hal_spi.o
                0x080050d4                HAL_SPI_ErrorCallback
 .text.SPI_DMATransmitCplt
                0x080050e8       0xa6 ./Drivers/STM32F3xx_HAL_Driver/Src/stm32f3xx_hal_spi.o
 .text.SPI_DMAHalfTransmitCplt
                0x0800518e       0x1c ./Drivers/STM32F3xx_HAL_Driver/Src/stm32f3xx_hal_spi.o
 .text.SPI_DMAError
                0x080051aa       0x40 ./Drivers/STM32F3xx_HAL_Driver/Src/stm32f3xx_hal_spi.o
 *fill*         0x080051ea        0x2 
 .text.SPI_WaitFlagStateUntilTimeout
                0x080051ec      0x110 ./Drivers/STM32F3xx_HAL_Driver/Src/stm32f3xx_hal_spi.o
 .text.SPI_WaitFifoStateUntilTimeout
                0x080052fc      0x12c ./Drivers/STM32F3xx_HAL_Driver/Src/stm32f3xx_hal_spi.o
 .text.SPI_EndRxTxTransaction
                0x08005428       0x8c ./Drivers/STM32F3xx_HAL_Driver/Src/stm32f3xx_hal_spi.o
 .text.HAL_UART_Init
                0x080054b4       0x9c ./Drivers/STM32F3xx_HAL_Driver/Src/stm32f3xx_hal_uart.o
                0x080054b4                HAL_UART_Init
 .text.HAL_UART_Transmit
                0x08005550      0x112 ./Drivers/STM32F3xx_HAL_Driver/Src/stm32f3xx_hal_uart.o
                0x08005550                HAL_UART_Transmit
 .text.HAL_UART_Receive_IT
                0x08005662       0x88 ./Drivers/STM32F3xx_HAL_Driver/Src/stm32f3xx_hal_uart.o
                0x08005662                HAL_UART_Receive_IT
 *fill*         0x080056ea        0x2 
 .text.HAL_UART_IRQHandler
                0x080056ec      0x5cc ./Drivers/STM32F3xx_HAL_Driver/Src/stm32f3xx_hal_uart.o
                0x080056ec                HAL_UART_IRQHandler
 .text.HAL_UART_TxCpltCallback
                0x08005cb8       0x14 ./Drivers/STM32F3xx_HAL_Driver/Src/stm32f3xx_hal_uart.o
                0x08005cb8                HAL_UART_TxCpltCallback
 .text.HAL_UART_ErrorCallback
                0x08005ccc       0x14 ./Drivers/STM32F3xx_HAL_Driver/Src/stm32f3xx_hal_uart.o
                0x08005ccc                HAL_UART_ErrorCallback
 .text.HAL_UARTEx_RxEventCallback
                0x08005ce0       0x18 ./Drivers/STM32F3xx_HAL_Driver/Src/stm32f3xx_hal_uart.o
                0x08005ce0                HAL_UARTEx_RxEventCallback
 .text.UART_SetConfig
                0x08005cf8      0x26c ./Drivers/STM32F3xx_HAL_Driver/Src/stm32f3xx_hal_uart.o
                0x08005cf8                UART_SetConfig
 .text.UART_AdvFeatureConfig
                0x08005f64      0x144 ./Drivers/STM32F3xx_HAL_Driver/Src/stm32f3xx_hal_uart.o
                0x08005f64                UART_AdvFeatureConfig
 .text.UART_CheckIdleState
                0x080060a8      0x150 ./Drivers/STM32F3xx_HAL_Driver/Src/stm32f3xx_hal_uart.o
                0x080060a8                UART_CheckIdleState
 .text.UART_WaitOnFlagUntilTimeout
                0x080061f8       0xce ./Drivers/STM32F3xx_HAL_Driver/Src/stm32f3xx_hal_uart.o
                0x080061f8                UART_WaitOnFlagUntilTimeout
 *fill*         0x080062c6        0x2 
 .text.UART_Start_Receive_IT
                0x080062c8      0x18c ./Drivers/STM32F3xx_HAL_Driver/Src/stm32f3xx_hal_uart.o
                0x080062c8                UART_Start_Receive_IT
 .text.UART_EndRxTransfer
                0x08006454       0xc8 ./Drivers/STM32F3xx_HAL_Driver/Src/stm32f3xx_hal_uart.o
 .text.UART_DMAAbortOnError
                0x0800651c       0x2c ./Drivers/STM32F3xx_HAL_Driver/Src/stm32f3xx_hal_uart.o
 .text.UART_EndTransmit_IT
                0x08006548       0x54 ./Drivers/STM32F3xx_HAL_Driver/Src/stm32f3xx_hal_uart.o
 .text.UART_RxISR_8BIT
                0x0800659c      0x1a8 ./Drivers/STM32F3xx_HAL_Driver/Src/stm32f3xx_hal_uart.o
 .text.UART_RxISR_16BIT
                0x08006744      0x1a8 ./Drivers/STM32F3xx_HAL_Driver/Src/stm32f3xx_hal_uart.o
 .text.HAL_UARTEx_WakeupCallback
                0x080068ec       0x14 ./Drivers/STM32F3xx_HAL_Driver/Src/stm32f3xx_hal_uart_ex.o
                0x080068ec                HAL_UARTEx_WakeupCallback
 .text.calloc   0x08006900       0x10 C:/ST/STM32CubeIDE_1.16.0/STM32CubeIDE/plugins/com.st.stm32cube.ide.mcu.externaltools.gnu-tools-for-stm32.12.3.rel1.win32_1.0.200.202406191623/tools/bin/../lib/gcc/arm-none-eabi/12.3.1/../../../../arm-none-eabi/lib/thumb/v7e-m+fp/hard\libc_nano.a(libc_a-calloc.o)
                0x08006900                calloc
 .text._calloc_r
                0x08006910       0x28 C:/ST/STM32CubeIDE_1.16.0/STM32CubeIDE/plugins/com.st.stm32cube.ide.mcu.externaltools.gnu-tools-for-stm32.12.3.rel1.win32_1.0.200.202406191623/tools/bin/../lib/gcc/arm-none-eabi/12.3.1/../../../../arm-none-eabi/lib/thumb/v7e-m+fp/hard\libc_nano.a(libc_a-callocr.o)
                0x08006910                _calloc_r
 .text.free     0x08006938       0x10 C:/ST/STM32CubeIDE_1.16.0/STM32CubeIDE/plugins/com.st.stm32cube.ide.mcu.externaltools.gnu-tools-for-stm32.12.3.rel1.win32_1.0.200.202406191623/tools/bin/../lib/gcc/arm-none-eabi/12.3.1/../../../../arm-none-eabi/lib/thumb/v7e-m+fp/hard\libc_nano.a(libc_a-malloc.o)
                0x08006938                free
 .text.sbrk_aligned
                0x08006948       0x44 C:/ST/STM32CubeIDE_1.16.0/STM32CubeIDE/plugins/com.st.stm32cube.ide.mcu.externaltools.gnu-tools-for-stm32.12.3.rel1.win32_1.0.200.202406191623/tools/bin/../lib/gcc/arm-none-eabi/12.3.1/../../../../arm-none-eabi/lib/thumb/v7e-m+fp/hard\libc_nano.a(libc_a-mallocr.o)
 .text._malloc_r
                0x0800698c      0x100 C:/ST/STM32CubeIDE_1.16.0/STM32CubeIDE/plugins/com.st.stm32cube.ide.mcu.externaltools.gnu-tools-for-stm32.12.3.rel1.win32_1.0.200.202406191623/tools/bin/../lib/gcc/arm-none-eabi/12.3.1/../../../../arm-none-eabi/lib/thumb/v7e-m+fp/hard\libc_nano.a(libc_a-mallocr.o)
                0x0800698c                _malloc_r
 .text.__malloc_lock
                0x08006a8c        0xc C:/ST/STM32CubeIDE_1.16.0/STM32CubeIDE/plugins/com.st.stm32cube.ide.mcu.externaltools.gnu-tools-for-stm32.12.3.rel1.win32_1.0.200.202406191623/tools/bin/../lib/gcc/arm-none-eabi/12.3.1/../../../../arm-none-eabi/lib/thumb/v7e-m+fp/hard\libc_nano.a(libc_a-mlock.o)
                0x08006a8c                __malloc_lock
 .text.__malloc_unlock
                0x08006a98        0xc C:/ST/STM32CubeIDE_1.16.0/STM32CubeIDE/plugins/com.st.stm32cube.ide.mcu.externaltools.gnu-tools-for-stm32.12.3.rel1.win32_1.0.200.202406191623/tools/bin/../lib/gcc/arm-none-eabi/12.3.1/../../../../arm-none-eabi/lib/thumb/v7e-m+fp/hard\libc_nano.a(libc_a-mlock.o)
                0x08006a98                __malloc_unlock
 .text.memset   0x08006aa4       0x10 C:/ST/STM32CubeIDE_1.16.0/STM32CubeIDE/plugins/com.st.stm32cube.ide.mcu.externaltools.gnu-tools-for-stm32.12.3.rel1.win32_1.0.200.202406191623/tools/bin/../lib/gcc/arm-none-eabi/12.3.1/../../../../arm-none-eabi/lib/thumb/v7e-m+fp/hard\libc_nano.a(libc_a-memset.o)
                0x08006aa4                memset
 .text._sbrk_r  0x08006ab4       0x20 C:/ST/STM32CubeIDE_1.16.0/STM32CubeIDE/plugins/com.st.stm32cube.ide.mcu.externaltools.gnu-tools-for-stm32.12.3.rel1.win32_1.0.200.202406191623/tools/bin/../lib/gcc/arm-none-eabi/12.3.1/../../../../arm-none-eabi/lib/thumb/v7e-m+fp/hard\libc_nano.a(libc_a-sbrkr.o)
                0x08006ab4                _sbrk_r
 .text.__errno  0x08006ad4        0xc C:/ST/STM32CubeIDE_1.16.0/STM32CubeIDE/plugins/com.st.stm32cube.ide.mcu.externaltools.gnu-tools-for-stm32.12.3.rel1.win32_1.0.200.202406191623/tools/bin/../lib/gcc/arm-none-eabi/12.3.1/../../../../arm-none-eabi/lib/thumb/v7e-m+fp/hard\libc_nano.a(libc_a-errno.o)
                0x08006ad4                __errno
 .text.__libc_init_array
                0x08006ae0       0x48 C:/ST/STM32CubeIDE_1.16.0/STM32CubeIDE/plugins/com.st.stm32cube.ide.mcu.externaltools.gnu-tools-for-stm32.12.3.rel1.win32_1.0.200.202406191623/tools/bin/../lib/gcc/arm-none-eabi/12.3.1/../../../../arm-none-eabi/lib/thumb/v7e-m+fp/hard\libc_nano.a(libc_a-init.o)
                0x08006ae0                __libc_init_array
 .text.__retarget_lock_acquire_recursive
                0x08006b28        0x2 C:/ST/STM32CubeIDE_1.16.0/STM32CubeIDE/plugins/com.st.stm32cube.ide.mcu.externaltools.gnu-tools-for-stm32.12.3.rel1.win32_1.0.200.202406191623/tools/bin/../lib/gcc/arm-none-eabi/12.3.1/../../../../arm-none-eabi/lib/thumb/v7e-m+fp/hard\libc_nano.a(libc_a-lock.o)
                0x08006b28                __retarget_lock_acquire_recursive
 .text.__retarget_lock_release_recursive
                0x08006b2a        0x2 C:/ST/STM32CubeIDE_1.16.0/STM32CubeIDE/plugins/com.st.stm32cube.ide.mcu.externaltools.gnu-tools-for-stm32.12.3.rel1.win32_1.0.200.202406191623/tools/bin/../lib/gcc/arm-none-eabi/12.3.1/../../../../arm-none-eabi/lib/thumb/v7e-m+fp/hard\libc_nano.a(libc_a-lock.o)
                0x08006b2a                __retarget_lock_release_recursive
 .text._free_r  0x08006b2c       0x94 C:/ST/STM32CubeIDE_1.16.0/STM32CubeIDE/plugins/com.st.stm32cube.ide.mcu.externaltools.gnu-tools-for-stm32.12.3.rel1.win32_1.0.200.202406191623/tools/bin/../lib/gcc/arm-none-eabi/12.3.1/../../../../arm-none-eabi/lib/thumb/v7e-m+fp/hard\libc_nano.a(libc_a-freer.o)
                0x08006b2c                _free_r
 .text.pow      0x08006bc0       0xe0 C:/ST/STM32CubeIDE_1.16.0/STM32CubeIDE/plugins/com.st.stm32cube.ide.mcu.externaltools.gnu-tools-for-stm32.12.3.rel1.win32_1.0.200.202406191623/tools/bin/../lib/gcc/arm-none-eabi/12.3.1/../../../../arm-none-eabi/lib/thumb/v7e-m+fp/hard\libm.a(libm_a-w_pow.o)
                0x08006bc0                pow
 .text.finite   0x08006ca0       0x16 C:/ST/STM32CubeIDE_1.16.0/STM32CubeIDE/plugins/com.st.stm32cube.ide.mcu.externaltools.gnu-tools-for-stm32.12.3.rel1.win32_1.0.200.202406191623/tools/bin/../lib/gcc/arm-none-eabi/12.3.1/../../../../arm-none-eabi/lib/thumb/v7e-m+fp/hard\libm.a(libm_a-s_finite.o)
                0x08006ca0                finite
 *fill*         0x08006cb6        0x2 
 .text.__ieee754_pow
                0x08006cb8      0xa88 C:/ST/STM32CubeIDE_1.16.0/STM32CubeIDE/plugins/com.st.stm32cube.ide.mcu.externaltools.gnu-tools-for-stm32.12.3.rel1.win32_1.0.200.202406191623/tools/bin/../lib/gcc/arm-none-eabi/12.3.1/../../../../arm-none-eabi/lib/thumb/v7e-m+fp/hard\libm.a(libm_a-e_pow.o)
                0x08006cb8                __ieee754_pow
 .text.fabs     0x08007740       0x10 C:/ST/STM32CubeIDE_1.16.0/STM32CubeIDE/plugins/com.st.stm32cube.ide.mcu.externaltools.gnu-tools-for-stm32.12.3.rel1.win32_1.0.200.202406191623/tools/bin/../lib/gcc/arm-none-eabi/12.3.1/../../../../arm-none-eabi/lib/thumb/v7e-m+fp/hard\libm.a(libm_a-s_fabs.o)
                0x08007740                fabs
 .text.scalbn   0x08007750       0xfc C:/ST/STM32CubeIDE_1.16.0/STM32CubeIDE/plugins/com.st.stm32cube.ide.mcu.externaltools.gnu-tools-for-stm32.12.3.rel1.win32_1.0.200.202406191623/tools/bin/../lib/gcc/arm-none-eabi/12.3.1/../../../../arm-none-eabi/lib/thumb/v7e-m+fp/hard\libm.a(libm_a-s_scalbn.o)
                0x08007750                scalbn
 .text.with_errno
                0x0800784c       0x24 C:/ST/STM32CubeIDE_1.16.0/STM32CubeIDE/plugins/com.st.stm32cube.ide.mcu.externaltools.gnu-tools-for-stm32.12.3.rel1.win32_1.0.200.202406191623/tools/bin/../lib/gcc/arm-none-eabi/12.3.1/../../../../arm-none-eabi/lib/thumb/v7e-m+fp/hard\libm.a(libm_a-math_err.o)
 .text.xflow    0x08007870       0x32 C:/ST/STM32CubeIDE_1.16.0/STM32CubeIDE/plugins/com.st.stm32cube.ide.mcu.externaltools.gnu-tools-for-stm32.12.3.rel1.win32_1.0.200.202406191623/tools/bin/../lib/gcc/arm-none-eabi/12.3.1/../../../../arm-none-eabi/lib/thumb/v7e-m+fp/hard\libm.a(libm_a-math_err.o)
 *fill*         0x080078a2        0x6 
 .text.__math_uflow
                0x080078a8       0x10 C:/ST/STM32CubeIDE_1.16.0/STM32CubeIDE/plugins/com.st.stm32cube.ide.mcu.externaltools.gnu-tools-for-stm32.12.3.rel1.win32_1.0.200.202406191623/tools/bin/../lib/gcc/arm-none-eabi/12.3.1/../../../../arm-none-eabi/lib/thumb/v7e-m+fp/hard\libm.a(libm_a-math_err.o)
                0x080078a8                __math_uflow
 .text.__math_oflow
                0x080078b8       0x10 C:/ST/STM32CubeIDE_1.16.0/STM32CubeIDE/plugins/com.st.stm32cube.ide.mcu.externaltools.gnu-tools-for-stm32.12.3.rel1.win32_1.0.200.202406191623/tools/bin/../lib/gcc/arm-none-eabi/12.3.1/../../../../arm-none-eabi/lib/thumb/v7e-m+fp/hard\libm.a(libm_a-math_err.o)
                0x080078b8                __math_oflow
 .text.__ieee754_sqrt
                0x080078c8      0x1b4 C:/ST/STM32CubeIDE_1.16.0/STM32CubeIDE/plugins/com.st.stm32cube.ide.mcu.externaltools.gnu-tools-for-stm32.12.3.rel1.win32_1.0.200.202406191623/tools/bin/../lib/gcc/arm-none-eabi/12.3.1/../../../../arm-none-eabi/lib/thumb/v7e-m+fp/hard\libm.a(libm_a-e_sqrt.o)
                0x080078c8                __ieee754_sqrt
 *(.glue_7)
 .glue_7        0x08007a7c        0x0 linker stubs
 *(.glue_7t)
 .glue_7t       0x08007a7c        0x0 linker stubs
 *(.eh_frame)
 .eh_frame      0x08007a7c        0x0 C:/ST/STM32CubeIDE_1.16.0/STM32CubeIDE/plugins/com.st.stm32cube.ide.mcu.externaltools.gnu-tools-for-stm32.12.3.rel1.win32_1.0.200.202406191623/tools/bin/../lib/gcc/arm-none-eabi/12.3.1/thumb/v7e-m+fp/hard/crtbegin.o
 *(.init)
 .init          0x08007a7c        0x4 C:/ST/STM32CubeIDE_1.16.0/STM32CubeIDE/plugins/com.st.stm32cube.ide.mcu.externaltools.gnu-tools-for-stm32.12.3.rel1.win32_1.0.200.202406191623/tools/bin/../lib/gcc/arm-none-eabi/12.3.1/thumb/v7e-m+fp/hard/crti.o
                0x08007a7c                _init
 .init          0x08007a80        0x8 C:/ST/STM32CubeIDE_1.16.0/STM32CubeIDE/plugins/com.st.stm32cube.ide.mcu.externaltools.gnu-tools-for-stm32.12.3.rel1.win32_1.0.200.202406191623/tools/bin/../lib/gcc/arm-none-eabi/12.3.1/thumb/v7e-m+fp/hard/crtn.o
 *(.fini)
 .fini          0x08007a88        0x4 C:/ST/STM32CubeIDE_1.16.0/STM32CubeIDE/plugins/com.st.stm32cube.ide.mcu.externaltools.gnu-tools-for-stm32.12.3.rel1.win32_1.0.200.202406191623/tools/bin/../lib/gcc/arm-none-eabi/12.3.1/thumb/v7e-m+fp/hard/crti.o
                0x08007a88                _fini
 .fini          0x08007a8c        0x8 C:/ST/STM32CubeIDE_1.16.0/STM32CubeIDE/plugins/com.st.stm32cube.ide.mcu.externaltools.gnu-tools-for-stm32.12.3.rel1.win32_1.0.200.202406191623/tools/bin/../lib/gcc/arm-none-eabi/12.3.1/thumb/v7e-m+fp/hard/crtn.o
                0x08007a94                        . = ALIGN (0x4)
                0x08007a94                        _etext = .

.vfp11_veneer   0x08007a94        0x0
 .vfp11_veneer  0x08007a94        0x0 linker stubs

.v4_bx          0x08007a94        0x0
 .v4_bx         0x08007a94        0x0 linker stubs

.iplt           0x08007a94        0x0
 .iplt          0x08007a94        0x0 C:/ST/STM32CubeIDE_1.16.0/STM32CubeIDE/plugins/com.st.stm32cube.ide.mcu.externaltools.gnu-tools-for-stm32.12.3.rel1.win32_1.0.200.202406191623/tools/bin/../lib/gcc/arm-none-eabi/12.3.1/thumb/v7e-m+fp/hard/crtbegin.o

.rodata         0x08007a98      0x188
                0x08007a98                        . = ALIGN (0x4)
 *(.rodata)
 .rodata        0x08007a98       0x10 ./Core/Src/active_marker.o
 *(.rodata*)
 .rodata.PATTERN_0
                0x08007aa8       0x10 ./Core/Src/active_marker.o
 .rodata.PATTERN_1
                0x08007ab8       0x10 ./Core/Src/active_marker.o
 .rodata.PATTERN_2
                0x08007ac8       0x10 ./Core/Src/active_marker.o
 .rodata.PATTERN_3
                0x08007ad8       0x10 ./Core/Src/active_marker.o
 .rodata.PATTERN_4
                0x08007ae8       0x10 ./Core/Src/active_marker.o
 .rodata.PATTERN_5
                0x08007af8       0x10 ./Core/Src/active_marker.o
 .rodata.PATTERN_6
                0x08007b08       0x10 ./Core/Src/active_marker.o
 .rodata.PATTERN_7
                0x08007b18       0x10 ./Core/Src/active_marker.o
 .rodata.PATTERN_8
                0x08007b28       0x10 ./Core/Src/active_marker.o
 .rodata.PATTERN_9
                0x08007b38       0x10 ./Core/Src/active_marker.o
 .rodata.PATTERN_10
                0x08007b48       0x10 ./Core/Src/active_marker.o
 .rodata.PATTERN_11
                0x08007b58       0x10 ./Core/Src/active_marker.o
 .rodata.PATTERN_12
                0x08007b68       0x10 ./Core/Src/active_marker.o
 .rodata.PATTERN_13
                0x08007b78       0x10 ./Core/Src/active_marker.o
 .rodata.PATTERN_14
                0x08007b88       0x10 ./Core/Src/active_marker.o
 .rodata.PATTERN_15
                0x08007b98       0x10 ./Core/Src/active_marker.o
 .rodata.PATTERN_16
                0x08007ba8       0x10 ./Core/Src/active_marker.o
 .rodata.AHBPrescTable
                0x08007bb8       0x10 ./Core/Src/system_stm32f3xx.o
                0x08007bb8                AHBPrescTable
 .rodata.APBPrescTable
                0x08007bc8        0x8 ./Core/Src/system_stm32f3xx.o
                0x08007bc8                APBPrescTable
 .rodata.aPLLMULFactorTable
                0x08007bd0       0x10 ./Drivers/STM32F3xx_HAL_Driver/Src/stm32f3xx_hal_rcc.o
 .rodata.aPredivFactorTable
                0x08007be0       0x10 ./Drivers/STM32F3xx_HAL_Driver/Src/stm32f3xx_hal_rcc.o
 .rodata.dp_l   0x08007bf0       0x10 C:/ST/STM32CubeIDE_1.16.0/STM32CubeIDE/plugins/com.st.stm32cube.ide.mcu.externaltools.gnu-tools-for-stm32.12.3.rel1.win32_1.0.200.202406191623/tools/bin/../lib/gcc/arm-none-eabi/12.3.1/../../../../arm-none-eabi/lib/thumb/v7e-m+fp/hard\libm.a(libm_a-e_pow.o)
 .rodata.dp_h   0x08007c00       0x10 C:/ST/STM32CubeIDE_1.16.0/STM32CubeIDE/plugins/com.st.stm32cube.ide.mcu.externaltools.gnu-tools-for-stm32.12.3.rel1.win32_1.0.200.202406191623/tools/bin/../lib/gcc/arm-none-eabi/12.3.1/../../../../arm-none-eabi/lib/thumb/v7e-m+fp/hard\libm.a(libm_a-e_pow.o)
 .rodata.bp     0x08007c10       0x10 C:/ST/STM32CubeIDE_1.16.0/STM32CubeIDE/plugins/com.st.stm32cube.ide.mcu.externaltools.gnu-tools-for-stm32.12.3.rel1.win32_1.0.200.202406191623/tools/bin/../lib/gcc/arm-none-eabi/12.3.1/../../../../arm-none-eabi/lib/thumb/v7e-m+fp/hard\libm.a(libm_a-e_pow.o)
                0x08007c20                        . = ALIGN (0x4)

.rel.dyn        0x08007c20        0x0
 .rel.iplt      0x08007c20        0x0 C:/ST/STM32CubeIDE_1.16.0/STM32CubeIDE/plugins/com.st.stm32cube.ide.mcu.externaltools.gnu-tools-for-stm32.12.3.rel1.win32_1.0.200.202406191623/tools/bin/../lib/gcc/arm-none-eabi/12.3.1/thumb/v7e-m+fp/hard/crtbegin.o

.ARM.extab      0x08007c20        0x0
                0x08007c20                        . = ALIGN (0x4)
 *(.ARM.extab* .gnu.linkonce.armextab.*)
                0x08007c20                        . = ALIGN (0x4)

.ARM            0x08007c20        0x0
                0x08007c20                        . = ALIGN (0x4)
                0x08007c20                        __exidx_start = .
 *(.ARM.exidx*)
                0x08007c20                        __exidx_end = .
                0x08007c20                        . = ALIGN (0x4)

.preinit_array  0x08007c20        0x0
                0x08007c20                        . = ALIGN (0x4)
                0x08007c20                        PROVIDE (__preinit_array_start = .)
 *(.preinit_array*)
                0x08007c20                        PROVIDE (__preinit_array_end = .)
                0x08007c20                        . = ALIGN (0x4)

.init_array     0x08007c20        0x4
                0x08007c20                        . = ALIGN (0x4)
                0x08007c20                        PROVIDE (__init_array_start = .)
 *(SORT_BY_NAME(.init_array.*))
 *(.init_array*)
 .init_array    0x08007c20        0x4 C:/ST/STM32CubeIDE_1.16.0/STM32CubeIDE/plugins/com.st.stm32cube.ide.mcu.externaltools.gnu-tools-for-stm32.12.3.rel1.win32_1.0.200.202406191623/tools/bin/../lib/gcc/arm-none-eabi/12.3.1/thumb/v7e-m+fp/hard/crtbegin.o
                0x08007c24                        PROVIDE (__init_array_end = .)
                0x08007c24                        . = ALIGN (0x4)

.fini_array     0x08007c24        0x4
                0x08007c24                        . = ALIGN (0x4)
                [!provide]                        PROVIDE (__fini_array_start = .)
 *(SORT_BY_NAME(.fini_array.*))
 *(.fini_array*)
 .fini_array    0x08007c24        0x4 C:/ST/STM32CubeIDE_1.16.0/STM32CubeIDE/plugins/com.st.stm32cube.ide.mcu.externaltools.gnu-tools-for-stm32.12.3.rel1.win32_1.0.200.202406191623/tools/bin/../lib/gcc/arm-none-eabi/12.3.1/thumb/v7e-m+fp/hard/crtbegin.o
                [!provide]                        PROVIDE (__fini_array_end = .)
                0x08007c28                        . = ALIGN (0x4)
                0x08007c28                        _sidata = LOADADDR (.data)

.data           0x20000000       0xe8 load address 0x08007c28
                0x20000000                        . = ALIGN (0x4)
                0x20000000                        _sdata = .
 *(.data)
 *(.data*)
 .data.color_blue
                0x20000000        0x3 ./Core/Src/active_marker.o
 *fill*         0x20000003        0x1 
 .data.color_yellow
                0x20000004        0x3 ./Core/Src/active_marker.o
 *fill*         0x20000007        0x1 
 .data.color_pink
                0x20000008        0x3 ./Core/Src/active_marker.o
 *fill*         0x2000000b        0x1 
 .data.color_green
                0x2000000c        0x3 ./Core/Src/active_marker.o
 *fill*         0x2000000f        0x1 
 .data.PATTERN_ADDR
                0x20000010       0x44 ./Core/Src/active_marker.o
 .data.ID       0x20000054        0x1 ./Core/Src/active_marker.o
 .data.color    0x20000055        0x1 ./Core/Src/active_marker.o
 *fill*         0x20000056        0x2 
 .data.color_blue_bright
                0x20000058        0x3 ./Core/Src/main.o
                0x20000058                color_blue_bright
 *fill*         0x2000005b        0x1 
 .data.color_yellow_bright
                0x2000005c        0x3 ./Core/Src/main.o
                0x2000005c                color_yellow_bright
 *fill*         0x2000005f        0x1 
 .data.color_pink_bright
                0x20000060        0x3 ./Core/Src/main.o
                0x20000060                color_pink_bright
 *fill*         0x20000063        0x1 
 .data.color_green_bright
                0x20000064        0x3 ./Core/Src/main.o
                0x20000064                color_green_bright
 *fill*         0x20000067        0x1 
 .data.color_blue_dark
                0x20000068        0x3 ./Core/Src/main.o
                0x20000068                color_blue_dark
 *fill*         0x2000006b        0x1 
 .data.color_yellow_dark
                0x2000006c        0x3 ./Core/Src/main.o
                0x2000006c                color_yellow_dark
 *fill*         0x2000006f        0x1 
 .data.color_pink_dark
                0x20000070        0x3 ./Core/Src/main.o
                0x20000070                color_pink_dark
 *fill*         0x20000073        0x1 
 .data.color_green_dark
                0x20000074        0x3 ./Core/Src/main.o
                0x20000074                color_green_dark
 *fill*         0x20000077        0x1 
 .data.SystemCoreClock
                0x20000078        0x4 ./Core/Src/system_stm32f3xx.o
                0x20000078                SystemCoreClock
 .data.uwTickPrio
                0x2000007c        0x4 ./Drivers/STM32F3xx_HAL_Driver/Src/stm32f3xx_hal.o
                0x2000007c                uwTickPrio
 .data.uwTickFreq
                0x20000080        0x1 ./Drivers/STM32F3xx_HAL_Driver/Src/stm32f3xx_hal.o
                0x20000080                uwTickFreq
 *fill*         0x20000081        0x3 
 .data._impure_ptr
                0x20000084        0x4 C:/ST/STM32CubeIDE_1.16.0/STM32CubeIDE/plugins/com.st.stm32cube.ide.mcu.externaltools.gnu-tools-for-stm32.12.3.rel1.win32_1.0.200.202406191623/tools/bin/../lib/gcc/arm-none-eabi/12.3.1/../../../../arm-none-eabi/lib/thumb/v7e-m+fp/hard\libc_nano.a(libc_a-impure.o)
                0x20000084                _impure_ptr
 .data._impure_data
                0x20000088       0x4c C:/ST/STM32CubeIDE_1.16.0/STM32CubeIDE/plugins/com.st.stm32cube.ide.mcu.externaltools.gnu-tools-for-stm32.12.3.rel1.win32_1.0.200.202406191623/tools/bin/../lib/gcc/arm-none-eabi/12.3.1/../../../../arm-none-eabi/lib/thumb/v7e-m+fp/hard\libc_nano.a(libc_a-impure.o)
                0x20000088                _impure_data
 *fill*         0x200000d4        0x4 
 .data.tiny     0x200000d8        0x8 C:/ST/STM32CubeIDE_1.16.0/STM32CubeIDE/plugins/com.st.stm32cube.ide.mcu.externaltools.gnu-tools-for-stm32.12.3.rel1.win32_1.0.200.202406191623/tools/bin/../lib/gcc/arm-none-eabi/12.3.1/../../../../arm-none-eabi/lib/thumb/v7e-m+fp/hard\libm.a(libm_a-e_sqrt.o)
 .data.one      0x200000e0        0x8 C:/ST/STM32CubeIDE_1.16.0/STM32CubeIDE/plugins/com.st.stm32cube.ide.mcu.externaltools.gnu-tools-for-stm32.12.3.rel1.win32_1.0.200.202406191623/tools/bin/../lib/gcc/arm-none-eabi/12.3.1/../../../../arm-none-eabi/lib/thumb/v7e-m+fp/hard\libm.a(libm_a-e_sqrt.o)
 *(.RamFunc)
 *(.RamFunc*)
                0x200000e8                        . = ALIGN (0x4)
                0x200000e8                        _edata = .
                0x08007d10                        _siccmram = LOADADDR (.ccmram)

.igot.plt       0x200000e8        0x0 load address 0x08007d10
 .igot.plt      0x200000e8        0x0 C:/ST/STM32CubeIDE_1.16.0/STM32CubeIDE/plugins/com.st.stm32cube.ide.mcu.externaltools.gnu-tools-for-stm32.12.3.rel1.win32_1.0.200.202406191623/tools/bin/../lib/gcc/arm-none-eabi/12.3.1/thumb/v7e-m+fp/hard/crtbegin.o

.ccmram         0x10000000        0x0 load address 0x08007d10
                0x10000000                        . = ALIGN (0x4)
                0x10000000                        _sccmram = .
 *(.ccmram)
 *(.ccmram*)
                0x10000000                        . = ALIGN (0x4)
                0x10000000                        _eccmram = .
                0x10000000                        . = ALIGN (0x4)

.bss            0x200000e8      0x31c
                0x200000e8                        _sbss = .
                0x200000e8                        __bss_start__ = _sbss
 *(.bss)
 .bss           0x200000e8       0x1c C:/ST/STM32CubeIDE_1.16.0/STM32CubeIDE/plugins/com.st.stm32cube.ide.mcu.externaltools.gnu-tools-for-stm32.12.3.rel1.win32_1.0.200.202406191623/tools/bin/../lib/gcc/arm-none-eabi/12.3.1/thumb/v7e-m+fp/hard/crtbegin.o
 *(.bss*)
 .bss.hi2c      0x20000104        0x4 ./Core/Src/VEML6030.o
 .bss.uart_first_received
                0x20000108        0x1 ./Core/Src/active_marker.o
 *fill*         0x20000109        0x3 
 .bss.huart     0x2000010c        0x4 ./Core/Src/active_marker.o
 .bss.rx_buf    0x20000110        0x8 ./Core/Src/active_marker.o
 .bss.illuminance
                0x20000118        0x2 ./Core/Src/active_marker.o
 *fill*         0x2000011a        0x2 
 .bss.hi2c1     0x2000011c       0x54 ./Core/Src/main.o
                0x2000011c                hi2c1
 .bss.hiwdg     0x20000170       0x10 ./Core/Src/main.o
                0x20000170                hiwdg
 .bss.hspi1     0x20000180       0x64 ./Core/Src/main.o
                0x20000180                hspi1
 .bss.hdma_spi1_tx
                0x200001e4       0x44 ./Core/Src/main.o
                0x200001e4                hdma_spi1_tx
 .bss.huart1    0x20000228       0x88 ./Core/Src/main.o
                0x20000228                huart1
 .bss.hspi      0x200002b0        0x4 ./Core/Src/neopixel_spi.o
                0x200002b0                hspi
 .bss.__sbrk_heap_end
                0x200002b4        0x4 ./Core/Src/sysmem.o
 .bss.uwTick    0x200002b8        0x4 ./Drivers/STM32F3xx_HAL_Driver/Src/stm32f3xx_hal.o
                0x200002b8                uwTick
 .bss.__malloc_sbrk_start
                0x200002bc        0x4 C:/ST/STM32CubeIDE_1.16.0/STM32CubeIDE/plugins/com.st.stm32cube.ide.mcu.externaltools.gnu-tools-for-stm32.12.3.rel1.win32_1.0.200.202406191623/tools/bin/../lib/gcc/arm-none-eabi/12.3.1/../../../../arm-none-eabi/lib/thumb/v7e-m+fp/hard\libc_nano.a(libc_a-mallocr.o)
                0x200002bc                __malloc_sbrk_start
 .bss.__malloc_free_list
                0x200002c0        0x4 C:/ST/STM32CubeIDE_1.16.0/STM32CubeIDE/plugins/com.st.stm32cube.ide.mcu.externaltools.gnu-tools-for-stm32.12.3.rel1.win32_1.0.200.202406191623/tools/bin/../lib/gcc/arm-none-eabi/12.3.1/../../../../arm-none-eabi/lib/thumb/v7e-m+fp/hard\libc_nano.a(libc_a-mallocr.o)
                0x200002c0                __malloc_free_list
 .bss.__sf      0x200002c4      0x138 C:/ST/STM32CubeIDE_1.16.0/STM32CubeIDE/plugins/com.st.stm32cube.ide.mcu.externaltools.gnu-tools-for-stm32.12.3.rel1.win32_1.0.200.202406191623/tools/bin/../lib/gcc/arm-none-eabi/12.3.1/../../../../arm-none-eabi/lib/thumb/v7e-m+fp/hard\libc_nano.a(libc_a-findfp.o)
                0x200002c4                __sf
 .bss.errno     0x200003fc        0x4 C:/ST/STM32CubeIDE_1.16.0/STM32CubeIDE/plugins/com.st.stm32cube.ide.mcu.externaltools.gnu-tools-for-stm32.12.3.rel1.win32_1.0.200.202406191623/tools/bin/../lib/gcc/arm-none-eabi/12.3.1/../../../../arm-none-eabi/lib/thumb/v7e-m+fp/hard\libc_nano.a(libc_a-reent.o)
                0x200003fc                errno
 .bss.__lock___malloc_recursive_mutex
                0x20000400        0x1 C:/ST/STM32CubeIDE_1.16.0/STM32CubeIDE/plugins/com.st.stm32cube.ide.mcu.externaltools.gnu-tools-for-stm32.12.3.rel1.win32_1.0.200.202406191623/tools/bin/../lib/gcc/arm-none-eabi/12.3.1/../../../../arm-none-eabi/lib/thumb/v7e-m+fp/hard\libc_nano.a(libc_a-lock.o)
                0x20000400                __lock___malloc_recursive_mutex
 *(COMMON)
                0x20000404                        . = ALIGN (0x4)
 *fill*         0x20000401        0x3 
                0x20000404                        _ebss = .
                0x20000404                        __bss_end__ = _ebss

._user_heap_stack
                0x20000404      0x604
                0x20000408                        . = ALIGN (0x8)
 *fill*         0x20000404        0x4 
                [!provide]                        PROVIDE (end = .)
                0x20000408                        PROVIDE (_end = .)
                0x20000608                        . = (. + _Min_Heap_Size)
 *fill*         0x20000408      0x200 
                0x20000a08                        . = (. + _Min_Stack_Size)
 *fill*         0x20000608      0x400 
                0x20000a08                        . = ALIGN (0x8)

/DISCARD/
 libc.a(*)
 libm.a(*)
 libgcc.a(*)

.ARM.attributes
                0x00000000       0x30
 *(.ARM.attributes)
 .ARM.attributes
                0x00000000       0x22 C:/ST/STM32CubeIDE_1.16.0/STM32CubeIDE/plugins/com.st.stm32cube.ide.mcu.externaltools.gnu-tools-for-stm32.12.3.rel1.win32_1.0.200.202406191623/tools/bin/../lib/gcc/arm-none-eabi/12.3.1/thumb/v7e-m+fp/hard/crti.o
 .ARM.attributes
                0x00000022       0x34 C:/ST/STM32CubeIDE_1.16.0/STM32CubeIDE/plugins/com.st.stm32cube.ide.mcu.externaltools.gnu-tools-for-stm32.12.3.rel1.win32_1.0.200.202406191623/tools/bin/../lib/gcc/arm-none-eabi/12.3.1/thumb/v7e-m+fp/hard/crtbegin.o
 .ARM.attributes
                0x00000056       0x34 ./Core/Src/VEML6030.o
 .ARM.attributes
                0x0000008a       0x34 ./Core/Src/active_marker.o
 .ARM.attributes
                0x000000be       0x34 ./Core/Src/main.o
 .ARM.attributes
                0x000000f2       0x34 ./Core/Src/neopixel_spi.o
 .ARM.attributes
                0x00000126       0x34 ./Core/Src/stm32f3xx_hal_msp.o
 .ARM.attributes
                0x0000015a       0x34 ./Core/Src/stm32f3xx_it.o
 .ARM.attributes
                0x0000018e       0x34 ./Core/Src/sysmem.o
 .ARM.attributes
                0x000001c2       0x34 ./Core/Src/system_stm32f3xx.o
 .ARM.attributes
                0x000001f6       0x34 ./Core/Src/user_func.o
 .ARM.attributes
                0x0000022a       0x21 ./Core/Startup/startup_stm32f303k6tx.o
 .ARM.attributes
                0x0000024b       0x34 ./Drivers/STM32F3xx_HAL_Driver/Src/stm32f3xx_hal.o
 .ARM.attributes
                0x0000027f       0x34 ./Drivers/STM32F3xx_HAL_Driver/Src/stm32f3xx_hal_cortex.o
 .ARM.attributes
                0x000002b3       0x34 ./Drivers/STM32F3xx_HAL_Driver/Src/stm32f3xx_hal_dma.o
 .ARM.attributes
                0x000002e7       0x34 ./Drivers/STM32F3xx_HAL_Driver/Src/stm32f3xx_hal_gpio.o
 .ARM.attributes
                0x0000031b       0x34 ./Drivers/STM32F3xx_HAL_Driver/Src/stm32f3xx_hal_i2c.o
 .ARM.attributes
                0x0000034f       0x34 ./Drivers/STM32F3xx_HAL_Driver/Src/stm32f3xx_hal_i2c_ex.o
 .ARM.attributes
                0x00000383       0x34 ./Drivers/STM32F3xx_HAL_Driver/Src/stm32f3xx_hal_iwdg.o
 .ARM.attributes
                0x000003b7       0x34 ./Drivers/STM32F3xx_HAL_Driver/Src/stm32f3xx_hal_rcc.o
 .ARM.attributes
                0x000003eb       0x34 ./Drivers/STM32F3xx_HAL_Driver/Src/stm32f3xx_hal_rcc_ex.o
 .ARM.attributes
                0x0000041f       0x34 ./Drivers/STM32F3xx_HAL_Driver/Src/stm32f3xx_hal_spi.o
 .ARM.attributes
                0x00000453       0x34 ./Drivers/STM32F3xx_HAL_Driver/Src/stm32f3xx_hal_uart.o
 .ARM.attributes
                0x00000487       0x34 ./Drivers/STM32F3xx_HAL_Driver/Src/stm32f3xx_hal_uart_ex.o
 .ARM.attributes
                0x000004bb       0x34 C:/ST/STM32CubeIDE_1.16.0/STM32CubeIDE/plugins/com.st.stm32cube.ide.mcu.externaltools.gnu-tools-for-stm32.12.3.rel1.win32_1.0.200.202406191623/tools/bin/../lib/gcc/arm-none-eabi/12.3.1/../../../../arm-none-eabi/lib/thumb/v7e-m+fp/hard\libc_nano.a(libc_a-calloc.o)
 .ARM.attributes
                0x000004ef       0x34 C:/ST/STM32CubeIDE_1.16.0/STM32CubeIDE/plugins/com.st.stm32cube.ide.mcu.externaltools.gnu-tools-for-stm32.12.3.rel1.win32_1.0.200.202406191623/tools/bin/../lib/gcc/arm-none-eabi/12.3.1/../../../../arm-none-eabi/lib/thumb/v7e-m+fp/hard\libc_nano.a(libc_a-callocr.o)
 .ARM.attributes
                0x00000523       0x34 C:/ST/STM32CubeIDE_1.16.0/STM32CubeIDE/plugins/com.st.stm32cube.ide.mcu.externaltools.gnu-tools-for-stm32.12.3.rel1.win32_1.0.200.202406191623/tools/bin/../lib/gcc/arm-none-eabi/12.3.1/../../../../arm-none-eabi/lib/thumb/v7e-m+fp/hard\libc_nano.a(libc_a-malloc.o)
 .ARM.attributes
                0x00000557       0x34 C:/ST/STM32CubeIDE_1.16.0/STM32CubeIDE/plugins/com.st.stm32cube.ide.mcu.externaltools.gnu-tools-for-stm32.12.3.rel1.win32_1.0.200.202406191623/tools/bin/../lib/gcc/arm-none-eabi/12.3.1/../../../../arm-none-eabi/lib/thumb/v7e-m+fp/hard\libc_nano.a(libc_a-mallocr.o)
 .ARM.attributes
                0x0000058b       0x34 C:/ST/STM32CubeIDE_1.16.0/STM32CubeIDE/plugins/com.st.stm32cube.ide.mcu.externaltools.gnu-tools-for-stm32.12.3.rel1.win32_1.0.200.202406191623/tools/bin/../lib/gcc/arm-none-eabi/12.3.1/../../../../arm-none-eabi/lib/thumb/v7e-m+fp/hard\libc_nano.a(libc_a-mlock.o)
 .ARM.attributes
                0x000005bf       0x34 C:/ST/STM32CubeIDE_1.16.0/STM32CubeIDE/plugins/com.st.stm32cube.ide.mcu.externaltools.gnu-tools-for-stm32.12.3.rel1.win32_1.0.200.202406191623/tools/bin/../lib/gcc/arm-none-eabi/12.3.1/../../../../arm-none-eabi/lib/thumb/v7e-m+fp/hard\libc_nano.a(libc_a-findfp.o)
 .ARM.attributes
                0x000005f3       0x34 C:/ST/STM32CubeIDE_1.16.0/STM32CubeIDE/plugins/com.st.stm32cube.ide.mcu.externaltools.gnu-tools-for-stm32.12.3.rel1.win32_1.0.200.202406191623/tools/bin/../lib/gcc/arm-none-eabi/12.3.1/../../../../arm-none-eabi/lib/thumb/v7e-m+fp/hard\libc_nano.a(libc_a-memset.o)
 .ARM.attributes
                0x00000627       0x34 C:/ST/STM32CubeIDE_1.16.0/STM32CubeIDE/plugins/com.st.stm32cube.ide.mcu.externaltools.gnu-tools-for-stm32.12.3.rel1.win32_1.0.200.202406191623/tools/bin/../lib/gcc/arm-none-eabi/12.3.1/../../../../arm-none-eabi/lib/thumb/v7e-m+fp/hard\libc_nano.a(libc_a-reent.o)
 .ARM.attributes
                0x0000065b       0x34 C:/ST/STM32CubeIDE_1.16.0/STM32CubeIDE/plugins/com.st.stm32cube.ide.mcu.externaltools.gnu-tools-for-stm32.12.3.rel1.win32_1.0.200.202406191623/tools/bin/../lib/gcc/arm-none-eabi/12.3.1/../../../../arm-none-eabi/lib/thumb/v7e-m+fp/hard\libc_nano.a(libc_a-impure.o)
 .ARM.attributes
                0x0000068f       0x34 C:/ST/STM32CubeIDE_1.16.0/STM32CubeIDE/plugins/com.st.stm32cube.ide.mcu.externaltools.gnu-tools-for-stm32.12.3.rel1.win32_1.0.200.202406191623/tools/bin/../lib/gcc/arm-none-eabi/12.3.1/../../../../arm-none-eabi/lib/thumb/v7e-m+fp/hard\libc_nano.a(libc_a-sbrkr.o)
 .ARM.attributes
                0x000006c3       0x34 C:/ST/STM32CubeIDE_1.16.0/STM32CubeIDE/plugins/com.st.stm32cube.ide.mcu.externaltools.gnu-tools-for-stm32.12.3.rel1.win32_1.0.200.202406191623/tools/bin/../lib/gcc/arm-none-eabi/12.3.1/../../../../arm-none-eabi/lib/thumb/v7e-m+fp/hard\libc_nano.a(libc_a-errno.o)
 .ARM.attributes
                0x000006f7       0x34 C:/ST/STM32CubeIDE_1.16.0/STM32CubeIDE/plugins/com.st.stm32cube.ide.mcu.externaltools.gnu-tools-for-stm32.12.3.rel1.win32_1.0.200.202406191623/tools/bin/../lib/gcc/arm-none-eabi/12.3.1/../../../../arm-none-eabi/lib/thumb/v7e-m+fp/hard\libc_nano.a(libc_a-init.o)
 .ARM.attributes
                0x0000072b       0x34 C:/ST/STM32CubeIDE_1.16.0/STM32CubeIDE/plugins/com.st.stm32cube.ide.mcu.externaltools.gnu-tools-for-stm32.12.3.rel1.win32_1.0.200.202406191623/tools/bin/../lib/gcc/arm-none-eabi/12.3.1/../../../../arm-none-eabi/lib/thumb/v7e-m+fp/hard\libc_nano.a(libc_a-lock.o)
 .ARM.attributes
                0x0000075f       0x34 C:/ST/STM32CubeIDE_1.16.0/STM32CubeIDE/plugins/com.st.stm32cube.ide.mcu.externaltools.gnu-tools-for-stm32.12.3.rel1.win32_1.0.200.202406191623/tools/bin/../lib/gcc/arm-none-eabi/12.3.1/../../../../arm-none-eabi/lib/thumb/v7e-m+fp/hard\libc_nano.a(libc_a-freer.o)
 .ARM.attributes
                0x00000793       0x34 C:/ST/STM32CubeIDE_1.16.0/STM32CubeIDE/plugins/com.st.stm32cube.ide.mcu.externaltools.gnu-tools-for-stm32.12.3.rel1.win32_1.0.200.202406191623/tools/bin/../lib/gcc/arm-none-eabi/12.3.1/../../../../arm-none-eabi/lib/thumb/v7e-m+fp/hard\libm.a(libm_a-w_pow.o)
 .ARM.attributes
                0x000007c7       0x34 C:/ST/STM32CubeIDE_1.16.0/STM32CubeIDE/plugins/com.st.stm32cube.ide.mcu.externaltools.gnu-tools-for-stm32.12.3.rel1.win32_1.0.200.202406191623/tools/bin/../lib/gcc/arm-none-eabi/12.3.1/../../../../arm-none-eabi/lib/thumb/v7e-m+fp/hard\libm.a(libm_a-s_finite.o)
 .ARM.attributes
                0x000007fb       0x34 C:/ST/STM32CubeIDE_1.16.0/STM32CubeIDE/plugins/com.st.stm32cube.ide.mcu.externaltools.gnu-tools-for-stm32.12.3.rel1.win32_1.0.200.202406191623/tools/bin/../lib/gcc/arm-none-eabi/12.3.1/../../../../arm-none-eabi/lib/thumb/v7e-m+fp/hard\libm.a(libm_a-e_pow.o)
 .ARM.attributes
                0x0000082f       0x34 C:/ST/STM32CubeIDE_1.16.0/STM32CubeIDE/plugins/com.st.stm32cube.ide.mcu.externaltools.gnu-tools-for-stm32.12.3.rel1.win32_1.0.200.202406191623/tools/bin/../lib/gcc/arm-none-eabi/12.3.1/../../../../arm-none-eabi/lib/thumb/v7e-m+fp/hard\libm.a(libm_a-s_fabs.o)
 .ARM.attributes
                0x00000863       0x34 C:/ST/STM32CubeIDE_1.16.0/STM32CubeIDE/plugins/com.st.stm32cube.ide.mcu.externaltools.gnu-tools-for-stm32.12.3.rel1.win32_1.0.200.202406191623/tools/bin/../lib/gcc/arm-none-eabi/12.3.1/../../../../arm-none-eabi/lib/thumb/v7e-m+fp/hard\libm.a(libm_a-s_scalbn.o)
 .ARM.attributes
                0x00000897       0x34 C:/ST/STM32CubeIDE_1.16.0/STM32CubeIDE/plugins/com.st.stm32cube.ide.mcu.externaltools.gnu-tools-for-stm32.12.3.rel1.win32_1.0.200.202406191623/tools/bin/../lib/gcc/arm-none-eabi/12.3.1/../../../../arm-none-eabi/lib/thumb/v7e-m+fp/hard\libm.a(libm_a-math_err.o)
 .ARM.attributes
                0x000008cb       0x34 C:/ST/STM32CubeIDE_1.16.0/STM32CubeIDE/plugins/com.st.stm32cube.ide.mcu.externaltools.gnu-tools-for-stm32.12.3.rel1.win32_1.0.200.202406191623/tools/bin/../lib/gcc/arm-none-eabi/12.3.1/../../../../arm-none-eabi/lib/thumb/v7e-m+fp/hard\libm.a(libm_a-e_sqrt.o)
 .ARM.attributes
                0x000008ff       0x22 C:/ST/STM32CubeIDE_1.16.0/STM32CubeIDE/plugins/com.st.stm32cube.ide.mcu.externaltools.gnu-tools-for-stm32.12.3.rel1.win32_1.0.200.202406191623/tools/bin/../lib/gcc/arm-none-eabi/12.3.1/thumb/v7e-m+fp/hard\libgcc.a(_arm_addsubdf3.o)
 .ARM.attributes
                0x00000921       0x22 C:/ST/STM32CubeIDE_1.16.0/STM32CubeIDE/plugins/com.st.stm32cube.ide.mcu.externaltools.gnu-tools-for-stm32.12.3.rel1.win32_1.0.200.202406191623/tools/bin/../lib/gcc/arm-none-eabi/12.3.1/thumb/v7e-m+fp/hard\libgcc.a(_arm_muldivdf3.o)
 .ARM.attributes
                0x00000943       0x22 C:/ST/STM32CubeIDE_1.16.0/STM32CubeIDE/plugins/com.st.stm32cube.ide.mcu.externaltools.gnu-tools-for-stm32.12.3.rel1.win32_1.0.200.202406191623/tools/bin/../lib/gcc/arm-none-eabi/12.3.1/thumb/v7e-m+fp/hard\libgcc.a(_arm_cmpdf2.o)
 .ARM.attributes
                0x00000965       0x22 C:/ST/STM32CubeIDE_1.16.0/STM32CubeIDE/plugins/com.st.stm32cube.ide.mcu.externaltools.gnu-tools-for-stm32.12.3.rel1.win32_1.0.200.202406191623/tools/bin/../lib/gcc/arm-none-eabi/12.3.1/thumb/v7e-m+fp/hard\libgcc.a(_arm_unorddf2.o)
 .ARM.attributes
                0x00000987       0x22 C:/ST/STM32CubeIDE_1.16.0/STM32CubeIDE/plugins/com.st.stm32cube.ide.mcu.externaltools.gnu-tools-for-stm32.12.3.rel1.win32_1.0.200.202406191623/tools/bin/../lib/gcc/arm-none-eabi/12.3.1/thumb/v7e-m+fp/hard\libgcc.a(_arm_fixunsdfsi.o)
 .ARM.attributes
                0x000009a9       0x22 C:/ST/STM32CubeIDE_1.16.0/STM32CubeIDE/plugins/com.st.stm32cube.ide.mcu.externaltools.gnu-tools-for-stm32.12.3.rel1.win32_1.0.200.202406191623/tools/bin/../lib/gcc/arm-none-eabi/12.3.1/thumb/v7e-m+fp/hard\libgcc.a(_arm_truncdfsf2.o)
 .ARM.attributes
                0x000009cb       0x22 C:/ST/STM32CubeIDE_1.16.0/STM32CubeIDE/plugins/com.st.stm32cube.ide.mcu.externaltools.gnu-tools-for-stm32.12.3.rel1.win32_1.0.200.202406191623/tools/bin/../lib/gcc/arm-none-eabi/12.3.1/thumb/v7e-m+fp/hard/crtn.o
OUTPUT(active_marker.elf elf32-littlearm)
LOAD linker stubs
LOAD C:/ST/STM32CubeIDE_1.16.0/STM32CubeIDE/plugins/com.st.stm32cube.ide.mcu.externaltools.gnu-tools-for-stm32.12.3.rel1.win32_1.0.200.202406191623/tools/bin/../lib/gcc/arm-none-eabi/12.3.1/../../../../arm-none-eabi/lib/thumb/v7e-m+fp/hard\libc.a
LOAD C:/ST/STM32CubeIDE_1.16.0/STM32CubeIDE/plugins/com.st.stm32cube.ide.mcu.externaltools.gnu-tools-for-stm32.12.3.rel1.win32_1.0.200.202406191623/tools/bin/../lib/gcc/arm-none-eabi/12.3.1/../../../../arm-none-eabi/lib/thumb/v7e-m+fp/hard\libm.a
LOAD C:/ST/STM32CubeIDE_1.16.0/STM32CubeIDE/plugins/com.st.stm32cube.ide.mcu.externaltools.gnu-tools-for-stm32.12.3.rel1.win32_1.0.200.202406191623/tools/bin/../lib/gcc/arm-none-eabi/12.3.1/thumb/v7e-m+fp/hard\libgcc.a

.debug_info     0x00000000    0x114ad
 .debug_info    0x00000000      0x8b3 ./Core/Src/VEML6030.o
 .debug_info    0x000008b3      0xc08 ./Core/Src/active_marker.o
 .debug_info    0x000014bb     0x17dd ./Core/Src/main.o
 .debug_info    0x00002c98      0x7b4 ./Core/Src/neopixel_spi.o
 .debug_info    0x0000344c     0x115b ./Core/Src/stm32f3xx_hal_msp.o
 .debug_info    0x000045a7      0x770 ./Core/Src/stm32f3xx_it.o
 .debug_info    0x00004d17      0x168 ./Core/Src/sysmem.o
 .debug_info    0x00004e7f      0x407 ./Core/Src/system_stm32f3xx.o
 .debug_info    0x00005286      0x10f ./Core/Src/user_func.o
 .debug_info    0x00005395       0x30 ./Core/Startup/startup_stm32f303k6tx.o
 .debug_info    0x000053c5      0x74a ./Drivers/STM32F3xx_HAL_Driver/Src/stm32f3xx_hal.o
 .debug_info    0x00005b0f      0xa87 ./Drivers/STM32F3xx_HAL_Driver/Src/stm32f3xx_hal_cortex.o
 .debug_info    0x00006596      0x6e1 ./Drivers/STM32F3xx_HAL_Driver/Src/stm32f3xx_hal_dma.o
 .debug_info    0x00006c77      0x6a6 ./Drivers/STM32F3xx_HAL_Driver/Src/stm32f3xx_hal_gpio.o
 .debug_info    0x0000731d     0x2048 ./Drivers/STM32F3xx_HAL_Driver/Src/stm32f3xx_hal_i2c.o
 .debug_info    0x00009365      0x8cc ./Drivers/STM32F3xx_HAL_Driver/Src/stm32f3xx_hal_i2c_ex.o
 .debug_info    0x00009c31      0x1f7 ./Drivers/STM32F3xx_HAL_Driver/Src/stm32f3xx_hal_iwdg.o
 .debug_info    0x00009e28     0x14f1 ./Drivers/STM32F3xx_HAL_Driver/Src/stm32f3xx_hal_rcc.o
 .debug_info    0x0000b319      0x550 ./Drivers/STM32F3xx_HAL_Driver/Src/stm32f3xx_hal_rcc_ex.o
 .debug_info    0x0000b869     0x160a ./Drivers/STM32F3xx_HAL_Driver/Src/stm32f3xx_hal_spi.o
 .debug_info    0x0000ce73     0x39a8 ./Drivers/STM32F3xx_HAL_Driver/Src/stm32f3xx_hal_uart.o
 .debug_info    0x0001081b      0xc92 ./Drivers/STM32F3xx_HAL_Driver/Src/stm32f3xx_hal_uart_ex.o

.debug_abbrev   0x00000000     0x2bee
 .debug_abbrev  0x00000000      0x1e7 ./Core/Src/VEML6030.o
 .debug_abbrev  0x000001e7      0x2b2 ./Core/Src/active_marker.o
 .debug_abbrev  0x00000499      0x326 ./Core/Src/main.o
 .debug_abbrev  0x000007bf      0x256 ./Core/Src/neopixel_spi.o
 .debug_abbrev  0x00000a15      0x226 ./Core/Src/stm32f3xx_hal_msp.o
 .debug_abbrev  0x00000c3b      0x18f ./Core/Src/stm32f3xx_it.o
 .debug_abbrev  0x00000dca       0xbc ./Core/Src/sysmem.o
 .debug_abbrev  0x00000e86      0x11a ./Core/Src/system_stm32f3xx.o
 .debug_abbrev  0x00000fa0       0xac ./Core/Src/user_func.o
 .debug_abbrev  0x0000104c       0x24 ./Core/Startup/startup_stm32f303k6tx.o
 .debug_abbrev  0x00001070      0x215 ./Drivers/STM32F3xx_HAL_Driver/Src/stm32f3xx_hal.o
 .debug_abbrev  0x00001285      0x2f8 ./Drivers/STM32F3xx_HAL_Driver/Src/stm32f3xx_hal_cortex.o
 .debug_abbrev  0x0000157d      0x20d ./Drivers/STM32F3xx_HAL_Driver/Src/stm32f3xx_hal_dma.o
 .debug_abbrev  0x0000178a      0x1ca ./Drivers/STM32F3xx_HAL_Driver/Src/stm32f3xx_hal_gpio.o
 .debug_abbrev  0x00001954      0x260 ./Drivers/STM32F3xx_HAL_Driver/Src/stm32f3xx_hal_i2c.o
 .debug_abbrev  0x00001bb4      0x1c2 ./Drivers/STM32F3xx_HAL_Driver/Src/stm32f3xx_hal_i2c_ex.o
 .debug_abbrev  0x00001d76      0x14d ./Drivers/STM32F3xx_HAL_Driver/Src/stm32f3xx_hal_iwdg.o
 .debug_abbrev  0x00001ec3      0x300 ./Drivers/STM32F3xx_HAL_Driver/Src/stm32f3xx_hal_rcc.o
 .debug_abbrev  0x000021c3      0x232 ./Drivers/STM32F3xx_HAL_Driver/Src/stm32f3xx_hal_rcc_ex.o
 .debug_abbrev  0x000023f5      0x269 ./Drivers/STM32F3xx_HAL_Driver/Src/stm32f3xx_hal_spi.o
 .debug_abbrev  0x0000265e      0x2d1 ./Drivers/STM32F3xx_HAL_Driver/Src/stm32f3xx_hal_uart.o
 .debug_abbrev  0x0000292f      0x2bf ./Drivers/STM32F3xx_HAL_Driver/Src/stm32f3xx_hal_uart_ex.o

.debug_aranges  0x00000000      0xdd8
 .debug_aranges
                0x00000000       0x50 ./Core/Src/VEML6030.o
 .debug_aranges
                0x00000050       0x70 ./Core/Src/active_marker.o
 .debug_aranges
                0x000000c0       0x60 ./Core/Src/main.o
 .debug_aranges
                0x00000120       0x48 ./Core/Src/neopixel_spi.o
 .debug_aranges
                0x00000168       0x50 ./Core/Src/stm32f3xx_hal_msp.o
 .debug_aranges
                0x000001b8       0x90 ./Core/Src/stm32f3xx_it.o
 .debug_aranges
                0x00000248       0x20 ./Core/Src/sysmem.o
 .debug_aranges
                0x00000268       0x28 ./Core/Src/system_stm32f3xx.o
 .debug_aranges
                0x00000290       0x20 ./Core/Src/user_func.o
 .debug_aranges
                0x000002b0       0x28 ./Core/Startup/startup_stm32f303k6tx.o
 .debug_aranges
                0x000002d8       0xe0 ./Drivers/STM32F3xx_HAL_Driver/Src/stm32f3xx_hal.o
 .debug_aranges
                0x000003b8      0x100 ./Drivers/STM32F3xx_HAL_Driver/Src/stm32f3xx_hal_cortex.o
 .debug_aranges
                0x000004b8       0x88 ./Drivers/STM32F3xx_HAL_Driver/Src/stm32f3xx_hal_dma.o
 .debug_aranges
                0x00000540       0x58 ./Drivers/STM32F3xx_HAL_Driver/Src/stm32f3xx_hal_gpio.o
 .debug_aranges
                0x00000598      0x2a0 ./Drivers/STM32F3xx_HAL_Driver/Src/stm32f3xx_hal_i2c.o
 .debug_aranges
                0x00000838       0x48 ./Drivers/STM32F3xx_HAL_Driver/Src/stm32f3xx_hal_i2c_ex.o
 .debug_aranges
                0x00000880       0x28 ./Drivers/STM32F3xx_HAL_Driver/Src/stm32f3xx_hal_iwdg.o
 .debug_aranges
                0x000008a8       0x88 ./Drivers/STM32F3xx_HAL_Driver/Src/stm32f3xx_hal_rcc.o
 .debug_aranges
                0x00000930       0x38 ./Drivers/STM32F3xx_HAL_Driver/Src/stm32f3xx_hal_rcc_ex.o
 .debug_aranges
                0x00000968      0x1d8 ./Drivers/STM32F3xx_HAL_Driver/Src/stm32f3xx_hal_spi.o
 .debug_aranges
                0x00000b40      0x228 ./Drivers/STM32F3xx_HAL_Driver/Src/stm32f3xx_hal_uart.o
 .debug_aranges
                0x00000d68       0x70 ./Drivers/STM32F3xx_HAL_Driver/Src/stm32f3xx_hal_uart_ex.o

.debug_rnglists
                0x00000000      0xab1
 .debug_rnglists
                0x00000000       0x3a ./Core/Src/VEML6030.o
 .debug_rnglists
                0x0000003a       0x53 ./Core/Src/active_marker.o
 .debug_rnglists
                0x0000008d       0x47 ./Core/Src/main.o
 .debug_rnglists
                0x000000d4       0x32 ./Core/Src/neopixel_spi.o
 .debug_rnglists
                0x00000106       0x3a ./Core/Src/stm32f3xx_hal_msp.o
 .debug_rnglists
                0x00000140       0x67 ./Core/Src/stm32f3xx_it.o
 .debug_rnglists
                0x000001a7       0x13 ./Core/Src/sysmem.o
 .debug_rnglists
                0x000001ba       0x1a ./Core/Src/system_stm32f3xx.o
 .debug_rnglists
                0x000001d4       0x14 ./Core/Src/user_func.o
 .debug_rnglists
                0x000001e8       0x19 ./Core/Startup/startup_stm32f303k6tx.o
 .debug_rnglists
                0x00000201       0xa3 ./Drivers/STM32F3xx_HAL_Driver/Src/stm32f3xx_hal.o
 .debug_rnglists
                0x000002a4       0xbb ./Drivers/STM32F3xx_HAL_Driver/Src/stm32f3xx_hal_cortex.o
 .debug_rnglists
                0x0000035f       0x69 ./Drivers/STM32F3xx_HAL_Driver/Src/stm32f3xx_hal_dma.o
 .debug_rnglists
                0x000003c8       0x3f ./Drivers/STM32F3xx_HAL_Driver/Src/stm32f3xx_hal_gpio.o
 .debug_rnglists
                0x00000407      0x228 ./Drivers/STM32F3xx_HAL_Driver/Src/stm32f3xx_hal_i2c.o
 .debug_rnglists
                0x0000062f       0x35 ./Drivers/STM32F3xx_HAL_Driver/Src/stm32f3xx_hal_i2c_ex.o
 .debug_rnglists
                0x00000664       0x1a ./Drivers/STM32F3xx_HAL_Driver/Src/stm32f3xx_hal_iwdg.o
 .debug_rnglists
                0x0000067e       0x66 ./Drivers/STM32F3xx_HAL_Driver/Src/stm32f3xx_hal_rcc.o
 .debug_rnglists
                0x000006e4       0x27 ./Drivers/STM32F3xx_HAL_Driver/Src/stm32f3xx_hal_rcc_ex.o
 .debug_rnglists
                0x0000070b      0x178 ./Drivers/STM32F3xx_HAL_Driver/Src/stm32f3xx_hal_spi.o
 .debug_rnglists
                0x00000883      0x1da ./Drivers/STM32F3xx_HAL_Driver/Src/stm32f3xx_hal_uart.o
 .debug_rnglists
                0x00000a5d       0x54 ./Drivers/STM32F3xx_HAL_Driver/Src/stm32f3xx_hal_uart_ex.o

.debug_macro    0x00000000    0x1c50d
 .debug_macro   0x00000000      0x299 ./Core/Src/VEML6030.o
 .debug_macro   0x00000299      0xab4 ./Core/Src/VEML6030.o
 .debug_macro   0x00000d4d      0x15d ./Core/Src/VEML6030.o
 .debug_macro   0x00000eaa       0x2e ./Core/Src/VEML6030.o
 .debug_macro   0x00000ed8       0x28 ./Core/Src/VEML6030.o
 .debug_macro   0x00000f00       0x22 ./Core/Src/VEML6030.o
 .debug_macro   0x00000f22       0x8e ./Core/Src/VEML6030.o
 .debug_macro   0x00000fb0       0x51 ./Core/Src/VEML6030.o
 .debug_macro   0x00001001      0x103 ./Core/Src/VEML6030.o
 .debug_macro   0x00001104       0x6a ./Core/Src/VEML6030.o
 .debug_macro   0x0000116e      0x1df ./Core/Src/VEML6030.o
 .debug_macro   0x0000134d       0x1c ./Core/Src/VEML6030.o
 .debug_macro   0x00001369       0x22 ./Core/Src/VEML6030.o
 .debug_macro   0x0000138b       0xd9 ./Core/Src/VEML6030.o
 .debug_macro   0x00001464      0xf07 ./Core/Src/VEML6030.o
 .debug_macro   0x0000236b    0x10be0 ./Core/Src/VEML6030.o
 .debug_macro   0x00012f4b       0x6d ./Core/Src/VEML6030.o
 .debug_macro   0x00012fb8     0x3558 ./Core/Src/VEML6030.o
 .debug_macro   0x00016510      0x189 ./Core/Src/VEML6030.o
 .debug_macro   0x00016699       0x55 ./Core/Src/VEML6030.o
 .debug_macro   0x000166ee      0x8f8 ./Core/Src/VEML6030.o
 .debug_macro   0x00016fe6      0x304 ./Core/Src/VEML6030.o
 .debug_macro   0x000172ea      0x1b5 ./Core/Src/VEML6030.o
 .debug_macro   0x0001749f      0x11b ./Core/Src/VEML6030.o
 .debug_macro   0x000175ba      0x1d5 ./Core/Src/VEML6030.o
 .debug_macro   0x0001778f      0x1bc ./Core/Src/VEML6030.o
 .debug_macro   0x0001794b       0x34 ./Core/Src/VEML6030.o
 .debug_macro   0x0001797f       0x3c ./Core/Src/VEML6030.o
 .debug_macro   0x000179bb       0x57 ./Core/Src/VEML6030.o
 .debug_macro   0x00017a12       0xc5 ./Core/Src/VEML6030.o
 .debug_macro   0x00017ad7      0x19f ./Core/Src/VEML6030.o
 .debug_macro   0x00017c76      0x22c ./Core/Src/VEML6030.o
 .debug_macro   0x00017ea2       0x5b ./Core/Src/VEML6030.o
 .debug_macro   0x00017efd       0xa5 ./Core/Src/VEML6030.o
 .debug_macro   0x00017fa2       0x85 ./Core/Src/VEML6030.o
 .debug_macro   0x00018027       0x81 ./Core/Src/VEML6030.o
 .debug_macro   0x000180a8       0xd3 ./Core/Src/VEML6030.o
 .debug_macro   0x0001817b      0x2fe ./Core/Src/VEML6030.o
 .debug_macro   0x00018479      0x5ba ./Core/Src/VEML6030.o
 .debug_macro   0x00018a33       0x44 ./Core/Src/VEML6030.o
 .debug_macro   0x00018a77      0x285 ./Core/Src/VEML6030.o
 .debug_macro   0x00018cfc       0x9a ./Core/Src/VEML6030.o
 .debug_macro   0x00018d96       0x61 ./Core/Src/VEML6030.o
 .debug_macro   0x00018df7       0x2a ./Core/Src/VEML6030.o
 .debug_macro   0x00018e21       0x43 ./Core/Src/VEML6030.o
 .debug_macro   0x00018e64       0x34 ./Core/Src/VEML6030.o
 .debug_macro   0x00018e98       0x16 ./Core/Src/VEML6030.o
 .debug_macro   0x00018eae       0x43 ./Core/Src/VEML6030.o
 .debug_macro   0x00018ef1       0x34 ./Core/Src/VEML6030.o
 .debug_macro   0x00018f25       0x10 ./Core/Src/VEML6030.o
 .debug_macro   0x00018f35       0x58 ./Core/Src/VEML6030.o
 .debug_macro   0x00018f8d       0x8e ./Core/Src/VEML6030.o
 .debug_macro   0x0001901b       0x1c ./Core/Src/VEML6030.o
 .debug_macro   0x00019037      0x177 ./Core/Src/VEML6030.o
 .debug_macro   0x000191ae      0x369 ./Core/Src/VEML6030.o
 .debug_macro   0x00019517      0x19b ./Core/Src/VEML6030.o
 .debug_macro   0x000196b2       0x8e ./Core/Src/VEML6030.o
 .debug_macro   0x00019740      0x2f3 ./Core/Src/active_marker.o
 .debug_macro   0x00019a33       0x5b ./Core/Src/active_marker.o
 .debug_macro   0x00019a8e       0x94 ./Core/Src/active_marker.o
 .debug_macro   0x00019b22       0x57 ./Core/Src/active_marker.o
 .debug_macro   0x00019b79       0x10 ./Core/Src/active_marker.o
 .debug_macro   0x00019b89       0x35 ./Core/Src/active_marker.o
 .debug_macro   0x00019bbe       0x20 ./Core/Src/active_marker.o
 .debug_macro   0x00019bde       0x22 ./Core/Src/active_marker.o
 .debug_macro   0x00019c00       0x4f ./Core/Src/active_marker.o
 .debug_macro   0x00019c4f       0x10 ./Core/Src/active_marker.o
 .debug_macro   0x00019c5f       0x3c ./Core/Src/active_marker.o
 .debug_macro   0x00019c9b       0x1c ./Core/Src/active_marker.o
 .debug_macro   0x00019cb7       0x1c ./Core/Src/active_marker.o
 .debug_macro   0x00019cd3      0x325 ./Core/Src/main.o
 .debug_macro   0x00019ff8      0x295 ./Core/Src/neopixel_spi.o
 .debug_macro   0x0001a28d      0x1df ./Core/Src/stm32f3xx_hal_msp.o
 .debug_macro   0x0001a46c      0x1e9 ./Core/Src/stm32f3xx_it.o
 .debug_macro   0x0001a655       0xff ./Core/Src/sysmem.o
 .debug_macro   0x0001a754      0x23c ./Core/Src/sysmem.o
 .debug_macro   0x0001a990      0x1d0 ./Core/Src/system_stm32f3xx.o
 .debug_macro   0x0001ab60      0x29f ./Core/Src/user_func.o
 .debug_macro   0x0001adff      0x1f4 ./Drivers/STM32F3xx_HAL_Driver/Src/stm32f3xx_hal.o
 .debug_macro   0x0001aff3      0x1d0 ./Drivers/STM32F3xx_HAL_Driver/Src/stm32f3xx_hal_cortex.o
 .debug_macro   0x0001b1c3      0x1d0 ./Drivers/STM32F3xx_HAL_Driver/Src/stm32f3xx_hal_dma.o
 .debug_macro   0x0001b393      0x1d7 ./Drivers/STM32F3xx_HAL_Driver/Src/stm32f3xx_hal_gpio.o
 .debug_macro   0x0001b56a      0x29c ./Drivers/STM32F3xx_HAL_Driver/Src/stm32f3xx_hal_i2c.o
 .debug_macro   0x0001b806      0x1d0 ./Drivers/STM32F3xx_HAL_Driver/Src/stm32f3xx_hal_i2c_ex.o
 .debug_macro   0x0001b9d6      0x1de ./Drivers/STM32F3xx_HAL_Driver/Src/stm32f3xx_hal_iwdg.o
 .debug_macro   0x0001bbb4      0x1f4 ./Drivers/STM32F3xx_HAL_Driver/Src/stm32f3xx_hal_rcc.o
 .debug_macro   0x0001bda8      0x1d0 ./Drivers/STM32F3xx_HAL_Driver/Src/stm32f3xx_hal_rcc_ex.o
 .debug_macro   0x0001bf78      0x1d8 ./Drivers/STM32F3xx_HAL_Driver/Src/stm32f3xx_hal_spi.o
 .debug_macro   0x0001c150      0x1ed ./Drivers/STM32F3xx_HAL_Driver/Src/stm32f3xx_hal_uart.o
 .debug_macro   0x0001c33d      0x1d0 ./Drivers/STM32F3xx_HAL_Driver/Src/stm32f3xx_hal_uart_ex.o

.debug_line     0x00000000    0x148bb
 .debug_line    0x00000000      0x9c4 ./Core/Src/VEML6030.o
 .debug_line    0x000009c4      0xbb9 ./Core/Src/active_marker.o
 .debug_line    0x0000157d      0xbcf ./Core/Src/main.o
 .debug_line    0x0000214c      0xa49 ./Core/Src/neopixel_spi.o
 .debug_line    0x00002b95      0x891 ./Core/Src/stm32f3xx_hal_msp.o
 .debug_line    0x00003426      0x8d6 ./Core/Src/stm32f3xx_it.o
 .debug_line    0x00003cfc      0x583 ./Core/Src/sysmem.o
 .debug_line    0x0000427f      0x7fc ./Core/Src/system_stm32f3xx.o
 .debug_line    0x00004a7b      0x8fe ./Core/Src/user_func.o
 .debug_line    0x00005379       0x7a ./Core/Startup/startup_stm32f303k6tx.o
 .debug_line    0x000053f3      0xa34 ./Drivers/STM32F3xx_HAL_Driver/Src/stm32f3xx_hal.o
 .debug_line    0x00005e27      0xc1a ./Drivers/STM32F3xx_HAL_Driver/Src/stm32f3xx_hal_cortex.o
 .debug_line    0x00006a41      0xd1c ./Drivers/STM32F3xx_HAL_Driver/Src/stm32f3xx_hal_dma.o
 .debug_line    0x0000775d      0xb97 ./Drivers/STM32F3xx_HAL_Driver/Src/stm32f3xx_hal_gpio.o
 .debug_line    0x000082f4     0x38aa ./Drivers/STM32F3xx_HAL_Driver/Src/stm32f3xx_hal_i2c.o
 .debug_line    0x0000bb9e      0x9a0 ./Drivers/STM32F3xx_HAL_Driver/Src/stm32f3xx_hal_i2c_ex.o
 .debug_line    0x0000c53e      0x80e ./Drivers/STM32F3xx_HAL_Driver/Src/stm32f3xx_hal_iwdg.o
 .debug_line    0x0000cd4c     0x1409 ./Drivers/STM32F3xx_HAL_Driver/Src/stm32f3xx_hal_rcc.o
 .debug_line    0x0000e155      0xad3 ./Drivers/STM32F3xx_HAL_Driver/Src/stm32f3xx_hal_rcc_ex.o
 .debug_line    0x0000ec28     0x1fe9 ./Drivers/STM32F3xx_HAL_Driver/Src/stm32f3xx_hal_spi.o
 .debug_line    0x00010c11     0x3102 ./Drivers/STM32F3xx_HAL_Driver/Src/stm32f3xx_hal_uart.o
 .debug_line    0x00013d13      0xba8 ./Drivers/STM32F3xx_HAL_Driver/Src/stm32f3xx_hal_uart_ex.o

.debug_str      0x00000000    0x9f26a
 .debug_str     0x00000000    0x9ae49 ./Core/Src/VEML6030.o
                              0x9b19c (size before relaxing)
 .debug_str     0x0009ae49      0x739 ./Core/Src/active_marker.o
                              0x9ac0b (size before relaxing)
 .debug_str     0x0009b582      0x8bf ./Core/Src/main.o
                              0x9c039 (size before relaxing)
 .debug_str     0x0009be41       0x9b ./Core/Src/neopixel_spi.o
                              0x992b7 (size before relaxing)
 .debug_str     0x0009bedc       0xd4 ./Core/Src/stm32f3xx_hal_msp.o
                              0x97efd (size before relaxing)
 .debug_str     0x0009bfb0      0x17e ./Core/Src/stm32f3xx_it.o
                              0x97744 (size before relaxing)
 .debug_str     0x0009c12e      0x4dc ./Core/Src/sysmem.o
                               0x60e0 (size before relaxing)
 .debug_str     0x0009c60a       0xe9 ./Core/Src/system_stm32f3xx.o
                              0x97072 (size before relaxing)
 .debug_str     0x0009c6f3       0x24 ./Core/Src/user_func.o
                              0x98e22 (size before relaxing)
 .debug_str     0x0009c717       0x44 ./Core/Startup/startup_stm32f303k6tx.o
                                 0x93 (size before relaxing)
 .debug_str     0x0009c75b      0x37a ./Drivers/STM32F3xx_HAL_Driver/Src/stm32f3xx_hal.o
                              0x97762 (size before relaxing)
 .debug_str     0x0009cad5      0x221 ./Drivers/STM32F3xx_HAL_Driver/Src/stm32f3xx_hal_cortex.o
                              0x97687 (size before relaxing)
 .debug_str     0x0009ccf6      0x21e ./Drivers/STM32F3xx_HAL_Driver/Src/stm32f3xx_hal_dma.o
                              0x973ba (size before relaxing)
 .debug_str     0x0009cf14      0x135 ./Drivers/STM32F3xx_HAL_Driver/Src/stm32f3xx_hal_gpio.o
                              0x97251 (size before relaxing)
 .debug_str     0x0009d049      0xdff ./Drivers/STM32F3xx_HAL_Driver/Src/stm32f3xx_hal_i2c.o
                              0x98375 (size before relaxing)
 .debug_str     0x0009de48       0xb8 ./Drivers/STM32F3xx_HAL_Driver/Src/stm32f3xx_hal_i2c_ex.o
                              0x97619 (size before relaxing)
 .debug_str     0x0009df00       0xe2 ./Drivers/STM32F3xx_HAL_Driver/Src/stm32f3xx_hal_iwdg.o
                              0x970d5 (size before relaxing)
 .debug_str     0x0009dfe2      0x2c6 ./Drivers/STM32F3xx_HAL_Driver/Src/stm32f3xx_hal_rcc.o
                              0x97512 (size before relaxing)
 .debug_str     0x0009e2a8       0xbe ./Drivers/STM32F3xx_HAL_Driver/Src/stm32f3xx_hal_rcc_ex.o
                              0x97211 (size before relaxing)
 .debug_str     0x0009e366      0x551 ./Drivers/STM32F3xx_HAL_Driver/Src/stm32f3xx_hal_spi.o
                              0x9798a (size before relaxing)
 .debug_str     0x0009e8b7      0x7fb ./Drivers/STM32F3xx_HAL_Driver/Src/stm32f3xx_hal_uart.o
                              0x97d95 (size before relaxing)
 .debug_str     0x0009f0b2      0x1b8 ./Drivers/STM32F3xx_HAL_Driver/Src/stm32f3xx_hal_uart_ex.o
                              0x9769a (size before relaxing)

.comment        0x00000000       0x43
 .comment       0x00000000       0x43 ./Core/Src/VEML6030.o
                                 0x44 (size before relaxing)
 .comment       0x00000043       0x44 ./Core/Src/active_marker.o
 .comment       0x00000043       0x44 ./Core/Src/main.o
 .comment       0x00000043       0x44 ./Core/Src/neopixel_spi.o
 .comment       0x00000043       0x44 ./Core/Src/stm32f3xx_hal_msp.o
 .comment       0x00000043       0x44 ./Core/Src/stm32f3xx_it.o
 .comment       0x00000043       0x44 ./Core/Src/sysmem.o
 .comment       0x00000043       0x44 ./Core/Src/system_stm32f3xx.o
 .comment       0x00000043       0x44 ./Core/Src/user_func.o
 .comment       0x00000043       0x44 ./Drivers/STM32F3xx_HAL_Driver/Src/stm32f3xx_hal.o
 .comment       0x00000043       0x44 ./Drivers/STM32F3xx_HAL_Driver/Src/stm32f3xx_hal_cortex.o
 .comment       0x00000043       0x44 ./Drivers/STM32F3xx_HAL_Driver/Src/stm32f3xx_hal_dma.o
 .comment       0x00000043       0x44 ./Drivers/STM32F3xx_HAL_Driver/Src/stm32f3xx_hal_gpio.o
 .comment       0x00000043       0x44 ./Drivers/STM32F3xx_HAL_Driver/Src/stm32f3xx_hal_i2c.o
 .comment       0x00000043       0x44 ./Drivers/STM32F3xx_HAL_Driver/Src/stm32f3xx_hal_i2c_ex.o
 .comment       0x00000043       0x44 ./Drivers/STM32F3xx_HAL_Driver/Src/stm32f3xx_hal_iwdg.o
 .comment       0x00000043       0x44 ./Drivers/STM32F3xx_HAL_Driver/Src/stm32f3xx_hal_rcc.o
 .comment       0x00000043       0x44 ./Drivers/STM32F3xx_HAL_Driver/Src/stm32f3xx_hal_rcc_ex.o
 .comment       0x00000043       0x44 ./Drivers/STM32F3xx_HAL_Driver/Src/stm32f3xx_hal_spi.o
 .comment       0x00000043       0x44 ./Drivers/STM32F3xx_HAL_Driver/Src/stm32f3xx_hal_uart.o
 .comment       0x00000043       0x44 ./Drivers/STM32F3xx_HAL_Driver/Src/stm32f3xx_hal_uart_ex.o

.debug_frame    0x00000000     0x401c
 .debug_frame   0x00000000      0x118 ./Core/Src/VEML6030.o
 .debug_frame   0x00000118      0x178 ./Core/Src/active_marker.o
 .debug_frame   0x00000290      0x124 ./Core/Src/main.o
 .debug_frame   0x000003b4       0xf0 ./Core/Src/neopixel_spi.o
 .debug_frame   0x000004a4      0x110 ./Core/Src/stm32f3xx_hal_msp.o
 .debug_frame   0x000005b4      0x1ac ./Core/Src/stm32f3xx_it.o
 .debug_frame   0x00000760       0x34 ./Core/Src/sysmem.o
 .debug_frame   0x00000794       0x58 ./Core/Src/system_stm32f3xx.o
 .debug_frame   0x000007ec       0x38 ./Core/Src/user_func.o
 .debug_frame   0x00000824      0x334 ./Drivers/STM32F3xx_HAL_Driver/Src/stm32f3xx_hal.o
 .debug_frame   0x00000b58      0x428 ./Drivers/STM32F3xx_HAL_Driver/Src/stm32f3xx_hal_cortex.o
 .debug_frame   0x00000f80      0x224 ./Drivers/STM32F3xx_HAL_Driver/Src/stm32f3xx_hal_dma.o
 .debug_frame   0x000011a4      0x14c ./Drivers/STM32F3xx_HAL_Driver/Src/stm32f3xx_hal_gpio.o
 .debug_frame   0x000012f0      0xc34 ./Drivers/STM32F3xx_HAL_Driver/Src/stm32f3xx_hal_i2c.o
 .debug_frame   0x00001f24      0x100 ./Drivers/STM32F3xx_HAL_Driver/Src/stm32f3xx_hal_i2c_ex.o
 .debug_frame   0x00002024       0x5c ./Drivers/STM32F3xx_HAL_Driver/Src/stm32f3xx_hal_iwdg.o
 .debug_frame   0x00002080      0x214 ./Drivers/STM32F3xx_HAL_Driver/Src/stm32f3xx_hal_rcc.o
 .debug_frame   0x00002294       0xac ./Drivers/STM32F3xx_HAL_Driver/Src/stm32f3xx_hal_rcc_ex.o
 .debug_frame   0x00002340      0x860 ./Drivers/STM32F3xx_HAL_Driver/Src/stm32f3xx_hal_spi.o
 .debug_frame   0x00002ba0      0x9e8 ./Drivers/STM32F3xx_HAL_Driver/Src/stm32f3xx_hal_uart.o
 .debug_frame   0x00003588      0x1b4 ./Drivers/STM32F3xx_HAL_Driver/Src/stm32f3xx_hal_uart_ex.o
 .debug_frame   0x0000373c       0x20 C:/ST/STM32CubeIDE_1.16.0/STM32CubeIDE/plugins/com.st.stm32cube.ide.mcu.externaltools.gnu-tools-for-stm32.12.3.rel1.win32_1.0.200.202406191623/tools/bin/../lib/gcc/arm-none-eabi/12.3.1/../../../../arm-none-eabi/lib/thumb/v7e-m+fp/hard\libc_nano.a(libc_a-calloc.o)
 .debug_frame   0x0000375c       0x2c C:/ST/STM32CubeIDE_1.16.0/STM32CubeIDE/plugins/com.st.stm32cube.ide.mcu.externaltools.gnu-tools-for-stm32.12.3.rel1.win32_1.0.200.202406191623/tools/bin/../lib/gcc/arm-none-eabi/12.3.1/../../../../arm-none-eabi/lib/thumb/v7e-m+fp/hard\libc_nano.a(libc_a-callocr.o)
 .debug_frame   0x00003788       0x30 C:/ST/STM32CubeIDE_1.16.0/STM32CubeIDE/plugins/com.st.stm32cube.ide.mcu.externaltools.gnu-tools-for-stm32.12.3.rel1.win32_1.0.200.202406191623/tools/bin/../lib/gcc/arm-none-eabi/12.3.1/../../../../arm-none-eabi/lib/thumb/v7e-m+fp/hard\libc_nano.a(libc_a-malloc.o)