../Core/Src/active_marker.c:70:6:HAL_GPIO_EXTI_Callback	16	static
../Core/Src/active_marker.c:99:5:getMode	8	static
../Core/Src/active_marker.c:103:9:getID	4	static
../Core/Src/active_marker.c:107:6:getColor	4	static
../Core/Src/active_marker.c:111:6:setIDSwitch	8	static
../Core/Src/active_marker.c:120:6:setColorSwitch	8	static
../Core/Src/active_marker.c:128:6:setPattern	32	static
../Core/Src/active_marker.c:148:6:getPatternColor	24	static
../Core/Src/active_marker.c:155:6:setPatternColor	24	static
../Core/Src/active_marker.c:165:6:Uart_Init	16	static
../Core/Src/active_marker.c:170:6:Uart_checkReset	8	static
../Core/Src/active_marker.c:176:6:HAL_UART_RxCpltCallback	16	static
