../Core/Src/main.c:83:5:main	24	static
../Core/Src/main.c:154:6:SystemClock_Config	96	static
../Core/Src/main.c:205:13:MX_CAN_Init	8	static
../Core/Src/main.c:242:13:MX_I2C1_Init	8	static
../Core/Src/main.c:290:13:MX_IWDG_Init	8	static
../Core/Src/main.c:319:13:MX_SPI1_Init	8	static
../Core/Src/main.c:359:13:MX_USART1_UART_Init	8	static
../Core/Src/main.c:392:13:MX_DMA_Init	16	static
../Core/Src/main.c:410:13:MX_GPIO_Init	40	static
../Core/Src/main.c:488:6:Error_Handler	4	static,ignoring_inline_asm
