../Core/Src/main.c:83:5:main	32	static
../Core/Src/main.c:163:6:SystemClock_Config	96	static
../Core/Src/main.c:214:13:MX_CAN_Init	8	static
../Core/Src/main.c:251:13:MX_I2C1_Init	8	static
../Core/Src/main.c:299:13:MX_IWDG_Init	8	static
../Core/Src/main.c:328:13:MX_SPI1_Init	8	static
../Core/Src/main.c:368:13:MX_USART1_UART_Init	8	static
../Core/Src/main.c:401:13:MX_DMA_Init	16	static
../Core/Src/main.c:419:13:MX_GPIO_Init	40	static
../Core/Src/main.c:497:6:Error_Handler	4	static,ignoring_inline_asm
